Component: ARM Compiler 5.06 update 4 (build 422) Tool: armlink [4d35d2]

==============================================================================

Section Cross References

    startup_lpc54608.o(RESET) refers to startup_lpc54608.o(.text) for Reset_Handler
    startup_lpc54608.o(RESET) refers to fsl_sctimer.o(i.SCT0_IRQHandler) for SCT0_IRQHandler
    startup_lpc54608.o(RESET) refers to fsl_dmic.o(i.HWVAD0_IRQHandler) for HWVAD0_IRQHandler
    startup_lpc54608.o(RESET) refers to egfx_driver_lpcxpresso_54608.o(i.LCD_IRQHandler) for LCD_IRQHandler
    startup_lpc54608.o(.text) refers to system_lpc54608.o(i.SystemInit) for SystemInit
    startup_lpc54608.o(.text) refers to entry.o(.ARM.Collect$$$$00000000) for __main
    startup_lpc54608.o(.text) refers to fsl_dma.o(i.DMA0_DriverIRQHandler) for DMA0_DriverIRQHandler
    startup_lpc54608.o(.text) refers to fsl_gint.o(i.GINT0_DriverIRQHandler) for GINT0_DriverIRQHandler
    startup_lpc54608.o(.text) refers to fsl_gint.o(i.GINT1_DriverIRQHandler) for GINT1_DriverIRQHandler
    startup_lpc54608.o(.text) refers to fsl_pint.o(i.PIN_INT0_DriverIRQHandler) for PIN_INT0_DriverIRQHandler
    startup_lpc54608.o(.text) refers to fsl_pint.o(i.PIN_INT1_DriverIRQHandler) for PIN_INT1_DriverIRQHandler
    startup_lpc54608.o(.text) refers to fsl_pint.o(i.PIN_INT2_DriverIRQHandler) for PIN_INT2_DriverIRQHandler
    startup_lpc54608.o(.text) refers to fsl_pint.o(i.PIN_INT3_DriverIRQHandler) for PIN_INT3_DriverIRQHandler
    startup_lpc54608.o(.text) refers to fsl_utick.o(i.UTICK0_DriverIRQHandler) for UTICK0_DriverIRQHandler
    startup_lpc54608.o(.text) refers to fsl_ctimer.o(i.CTIMER0_DriverIRQHandler) for CTIMER0_DriverIRQHandler
    startup_lpc54608.o(.text) refers to fsl_ctimer.o(i.CTIMER1_DriverIRQHandler) for CTIMER1_DriverIRQHandler
    startup_lpc54608.o(.text) refers to fsl_ctimer.o(i.CTIMER3_DriverIRQHandler) for CTIMER3_DriverIRQHandler
    startup_lpc54608.o(.text) refers to fsl_flexcomm.o(i.FLEXCOMM0_DriverIRQHandler) for FLEXCOMM0_DriverIRQHandler
    startup_lpc54608.o(.text) refers to fsl_flexcomm.o(i.FLEXCOMM1_DriverIRQHandler) for FLEXCOMM1_DriverIRQHandler
    startup_lpc54608.o(.text) refers to fsl_flexcomm.o(i.FLEXCOMM2_DriverIRQHandler) for FLEXCOMM2_DriverIRQHandler
    startup_lpc54608.o(.text) refers to fsl_flexcomm.o(i.FLEXCOMM3_DriverIRQHandler) for FLEXCOMM3_DriverIRQHandler
    startup_lpc54608.o(.text) refers to fsl_flexcomm.o(i.FLEXCOMM4_DriverIRQHandler) for FLEXCOMM4_DriverIRQHandler
    startup_lpc54608.o(.text) refers to fsl_flexcomm.o(i.FLEXCOMM5_DriverIRQHandler) for FLEXCOMM5_DriverIRQHandler
    startup_lpc54608.o(.text) refers to main.o(i.FLEXCOMM6_DriverIRQHandler) for FLEXCOMM6_DriverIRQHandler
    startup_lpc54608.o(.text) refers to main.o(i.FLEXCOMM7_DriverIRQHandler) for FLEXCOMM7_DriverIRQHandler
    startup_lpc54608.o(.text) refers to fsl_dmic.o(i.DMIC0_DriverIRQHandler) for DMIC0_DriverIRQHandler
    startup_lpc54608.o(.text) refers to fsl_pint.o(i.PIN_INT4_DriverIRQHandler) for PIN_INT4_DriverIRQHandler
    startup_lpc54608.o(.text) refers to fsl_pint.o(i.PIN_INT5_DriverIRQHandler) for PIN_INT5_DriverIRQHandler
    startup_lpc54608.o(.text) refers to fsl_pint.o(i.PIN_INT6_DriverIRQHandler) for PIN_INT6_DriverIRQHandler
    startup_lpc54608.o(.text) refers to fsl_pint.o(i.PIN_INT7_DriverIRQHandler) for PIN_INT7_DriverIRQHandler
    startup_lpc54608.o(.text) refers to fsl_ctimer.o(i.CTIMER2_DriverIRQHandler) for CTIMER2_DriverIRQHandler
    startup_lpc54608.o(.text) refers to fsl_ctimer.o(i.CTIMER4_DriverIRQHandler) for CTIMER4_DriverIRQHandler
    startup_lpc54608.o(.text) refers to fsl_flexcomm.o(i.FLEXCOMM8_DriverIRQHandler) for FLEXCOMM8_DriverIRQHandler
    startup_lpc54608.o(.text) refers to fsl_flexcomm.o(i.FLEXCOMM9_DriverIRQHandler) for FLEXCOMM9_DriverIRQHandler
    startup_lpc54608.o(.text) refers to fsl_sdif.o(i.SDIO_DriverIRQHandler) for SDIO_DriverIRQHandler
    startup_lpc54608.o(.text) refers to fsl_mcan.o(i.CAN0_IRQ0_DriverIRQHandler) for CAN0_IRQ0_DriverIRQHandler
    startup_lpc54608.o(.text) refers to fsl_mcan.o(i.CAN0_IRQ1_DriverIRQHandler) for CAN0_IRQ1_DriverIRQHandler
    startup_lpc54608.o(.text) refers to fsl_mcan.o(i.CAN1_IRQ0_DriverIRQHandler) for CAN1_IRQ0_DriverIRQHandler
    startup_lpc54608.o(.text) refers to fsl_mcan.o(i.CAN1_IRQ1_DriverIRQHandler) for CAN1_IRQ1_DriverIRQHandler
    startup_lpc54608.o(.text) refers to fsl_enet.o(i.ETHERNET_DriverIRQHandler) for ETHERNET_DriverIRQHandler
    system_lpc54608.o(i.SystemCoreClockUpdate) refers to system_lpc54608.o(i.getWdtOscFreq) for getWdtOscFreq
    system_lpc54608.o(i.SystemCoreClockUpdate) refers to system_lpc54608.o(i.findPllPreDiv) for findPllPreDiv
    system_lpc54608.o(i.SystemCoreClockUpdate) refers to system_lpc54608.o(i.findPllPostDiv) for findPllPostDiv
    system_lpc54608.o(i.SystemCoreClockUpdate) refers to system_lpc54608.o(i.findPllMMult) for findPllMMult
[...]
    __aeabi_cdrcmple                         0x0000092d   Thumb Code    48  cdrcmple.o(.text)
    __aeabi_d2f                              0x0000095d   Thumb Code    56  d2f.o(.text)
    __aeabi_uidiv                            0x00000995   Thumb Code     0  uidiv.o(.text)
    __aeabi_uidivmod                         0x00000995   Thumb Code    44  uidiv.o(.text)
    __aeabi_llsl                             0x000009c1   Thumb Code    30  llshl.o(.text)
    _ll_shift_l                              0x000009c1   Thumb Code     0  llshl.o(.text)
    __aeabi_llsr                             0x000009df   Thumb Code    32  llushr.o(.text)
    _ll_ushift_r                             0x000009df   Thumb Code     0  llushr.o(.text)
    __aeabi_lasr                             0x000009ff   Thumb Code    36  llsshr.o(.text)
    _ll_sshift_r                             0x000009ff   Thumb Code     0  llsshr.o(.text)
    __I$use$fp                               0x00000a23   Thumb Code     0  iusefp.o(.text)
    _float_round                             0x00000a23   Thumb Code    18  fepilogue.o(.text)
    _float_epilogue                          0x00000a35   Thumb Code    92  fepilogue.o(.text)
    _double_round                            0x00000a91   Thumb Code    30  depilogue.o(.text)
    _double_epilogue                         0x00000aaf   Thumb Code   156  depilogue.o(.text)
    __aeabi_ddiv                             0x00000b4b   Thumb Code   222  ddiv.o(.text)
    __aeabi_d2ulz                            0x00000c29   Thumb Code    48  dfixul.o(.text)
    __scatterload                            0x00000c59   Thumb Code    28  init.o(.text)
    __scatterload_rt2                        0x00000c59   Thumb Code     0  init.o(.text)
    APP_LCDC_Init                            0x00000c7d   Thumb Code   182  egfx_driver_lpcxpresso_54608.o(i.APP_LCDC_Init)
    BOARD_BootClockRUN                       0x00000d3d   Thumb Code    46  clock_config.o(i.BOARD_BootClockRUN)
    BOARD_InitDebugConsole                   0x00000d7d   Thumb Code    50  board.o(i.BOARD_InitDebugConsole)
    BOARD_InitPins                           0x00000e45   Thumb Code  1584  pin_mux.o(i.BOARD_InitPins)
    BOARD_InitSDRAM                          0x0000147d   Thumb Code   148  board.o(i.BOARD_InitSDRAM)
    CAN0_IRQ0_DriverIRQHandler               0x00001519   Thumb Code    36  fsl_mcan.o(i.CAN0_IRQ0_DriverIRQHandler)
    CAN0_IRQ1_DriverIRQHandler               0x00001571   Thumb Code    36  fsl_mcan.o(i.CAN0_IRQ1_DriverIRQHandler)
    CAN1_IRQ0_DriverIRQHandler               0x000015c9   Thumb Code    36  fsl_mcan.o(i.CAN1_IRQ0_DriverIRQHandler)
    CAN1_IRQ1_DriverIRQHandler               0x00001621   Thumb Code    36  fsl_mcan.o(i.CAN1_IRQ1_DriverIRQHandler)
    CLOCK_AttachClk                          0x00001679   Thumb Code    66  fsl_clock.o(i.CLOCK_AttachClk)
    CLOCK_GetAdcClkFreq                      0x00001775   Thumb Code    72  fsl_clock.o(i.CLOCK_GetAdcClkFreq)
    CLOCK_GetAsyncApbClkFreq                 0x000017c1   Thumb Code    40  fsl_clock.o(i.CLOCK_GetAsyncApbClkFreq)
    CLOCK_GetAudioPLLInClockRate             0x000017f1   Thumb Code    42  fsl_clock.o(i.CLOCK_GetAudioPLLInClockRate)
    CLOCK_GetAudioPLLOutFromSetup            0x00001825   Thumb Code    90  fsl_clock.o(i.CLOCK_GetAudioPLLOutFromSetup)
    CLOCK_GetAudioPllOutFreq                 0x00001895   Thumb Code     6  fsl_clock.o(i.CLOCK_GetAudioPllOutFreq)
    CLOCK_GetClockOutClkFreq                 0x000018a1   Thumb Code   116  fsl_clock.o(i.CLOCK_GetClockOutClkFreq)
    CLOCK_GetCoreSysClkFreq                  0x00001919   Thumb Code   120  fsl_clock.o(i.CLOCK_GetCoreSysClkFreq)
    CLOCK_GetExtClkFreq                      0x00001995   Thumb Code     4  fsl_clock.o(i.CLOCK_GetExtClkFreq)
    CLOCK_GetFlexCommClkFreq                 0x0000199d   Thumb Code    88  fsl_clock.o(i.CLOCK_GetFlexCommClkFreq)
    CLOCK_GetFreq                            0x000019f9   Thumb Code   708  fsl_clock.o(i.CLOCK_GetFreq)
    CLOCK_GetFro12MFreq                      0x00001cc1   Thumb Code    18  fsl_clock.o(i.CLOCK_GetFro12MFreq)
    CLOCK_GetFroHfFreq                       0x00001cdd   Thumb Code    46  fsl_clock.o(i.CLOCK_GetFroHfFreq)
    CLOCK_GetI2SMClkFreq                     0x00001d1d   Thumb Code     4  fsl_clock.o(i.CLOCK_GetI2SMClkFreq)
    CLOCK_GetLcdClkFreq                      0x00001d21   Thumb Code    58  fsl_clock.o(i.CLOCK_GetLcdClkFreq)
    CLOCK_GetLcdClkIn                        0x00001d61   Thumb Code     4  fsl_clock.o(i.CLOCK_GetLcdClkIn)
    CLOCK_GetMclkClkFreq                     0x00001d65   Thumb Code    58  fsl_clock.o(i.CLOCK_GetMclkClkFreq)
    CLOCK_GetOsc32KFreq                      0x00001da5   Thumb Code     6  fsl_clock.o(i.CLOCK_GetOsc32KFreq)
    CLOCK_GetPllOutFreq                      0x00001ee5   Thumb Code     6  fsl_clock.o(i.CLOCK_GetPllOutFreq)
    CLOCK_GetSctClkFreq                      0x00001ef1   Thumb Code    72  fsl_clock.o(i.CLOCK_GetSctClkFreq)
    CLOCK_GetSdioClkFreq                     0x00001f3d   Thumb Code    86  fsl_clock.o(i.CLOCK_GetSdioClkFreq)
    CLOCK_GetSpifiClkFreq                    0x00001f99   Thumb Code    86  fsl_clock.o(i.CLOCK_GetSpifiClkFreq)
    CLOCK_GetUsb0ClkFreq                     0x00001ff5   Thumb Code    58  fsl_clock.o(i.CLOCK_GetUsb0ClkFreq)
    CLOCK_GetUsb1ClkFreq                     0x00002035   Thumb Code    58  fsl_clock.o(i.CLOCK_GetUsb1ClkFreq)
    CLOCK_GetUsbPllOutFreq                   0x00002075   Thumb Code     6  fsl_clock.o(i.CLOCK_GetUsbPllOutFreq)
    CLOCK_GetWdtOscFreq                      0x00002081   Thumb Code    50  fsl_clock.o(i.CLOCK_GetWdtOscFreq)
    CLOCK_SetClkDiv                          0x000020c1   Thumb Code    36  fsl_clock.o(i.CLOCK_SetClkDiv)
    CLOCK_SetFLASHAccessCyclesForFreq        0x00002101   Thumb Code   124  fsl_clock.o(i.CLOCK_SetFLASHAccessCyclesForFreq)
    CLOCK_SetupAudioPLLData                  0x0000219d   Thumb Code    50  fsl_clock.o(i.CLOCK_SetupAudioPLLData)
    CLOCK_SetupAudioPLLPrec                  0x000021d1   Thumb Code   212  fsl_clock.o(i.CLOCK_SetupAudioPLLPrec)
    CLOCK_SetupFROClocking                   0x000022b1   Thumb Code   138  fsl_clock.o(i.CLOCK_SetupFROClocking)
    CTIMER0_DriverIRQHandler                 0x0000234d   Thumb Code    10  fsl_ctimer.o(i.CTIMER0_DriverIRQHandler)
    CTIMER1_DriverIRQHandler                 0x00002357   Thumb Code    10  fsl_ctimer.o(i.CTIMER1_DriverIRQHandler)
    CTIMER2_DriverIRQHandler                 0x00002361   Thumb Code    10  fsl_ctimer.o(i.CTIMER2_DriverIRQHandler)
    CTIMER3_DriverIRQHandler                 0x0000236b   Thumb Code    10  fsl_ctimer.o(i.CTIMER3_DriverIRQHandler)
    CTIMER4_DriverIRQHandler                 0x00002375   Thumb Code    10  fsl_ctimer.o(i.CTIMER4_DriverIRQHandler)
    CTIMER_GenericIRQHandler                 0x00002385   Thumb Code   110  fsl_ctimer.o(i.CTIMER_GenericIRQHandler)
    DMA0_DriverIRQHandler                    0x00002401   Thumb Code   168  fsl_dma.o(i.DMA0_DriverIRQHandler)
    DMIC0_DriverIRQHandler                   0x000024ad   Thumb Code    16  fsl_dmic.o(i.DMIC0_DriverIRQHandler)
    DataInitBuffer                           0x000024c1   Thumb Code   272  main.o(i.DataInitBuffer)
    DbgConsole_Init                          0x000026e5   Thumb Code    74  fsl_debug_console.o(i.DbgConsole_Init)
    DbgConsole_Printf                        0x0000273d   Thumb Code    44  fsl_debug_console.o(i.DbgConsole_Printf)
    DbgConsole_Putchar                       0x000029d5   Thumb Code    30  fsl_debug_console.o(i.DbgConsole_Putchar)
    EMC_DynamicMemInit                       0x00002a35   Thumb Code   596  fsl_emc.o(i.EMC_DynamicMemInit)
    EMC_Init                                 0x00002d51   Thumb Code   102  fsl_emc.o(i.EMC_Init)
    ETHERNET_DriverIRQHandler                0x00002e29   Thumb Code    16  fsl_enet.o(i.ETHERNET_DriverIRQHandler)
    FLEXCOMM0_DriverIRQHandler               0x00002e45   Thumb Code    36  fsl_flexcomm.o(i.FLEXCOMM0_DriverIRQHandler)
    FLEXCOMM1_DriverIRQHandler               0x00002ea9   Thumb Code    36  fsl_flexcomm.o(i.FLEXCOMM1_DriverIRQHandler)
    FLEXCOMM2_DriverIRQHandler               0x00002f0d   Thumb Code    36  fsl_flexcomm.o(i.FLEXCOMM2_DriverIRQHandler)
    FLEXCOMM3_DriverIRQHandler               0x00002f71   Thumb Code    36  fsl_flexcomm.o(i.FLEXCOMM3_DriverIRQHandler)
    FLEXCOMM4_DriverIRQHandler               0x00002fd5   Thumb Code    36  fsl_flexcomm.o(i.FLEXCOMM4_DriverIRQHandler)
    FLEXCOMM5_DriverIRQHandler               0x00003039   Thumb Code    36  fsl_flexcomm.o(i.FLEXCOMM5_DriverIRQHandler)
    FLEXCOMM6_DriverIRQHandler               0x0000309d   Thumb Code    30  main.o(i.FLEXCOMM6_DriverIRQHandler)
    FLEXCOMM7_DriverIRQHandler               0x000030c5   Thumb Code  2136  main.o(i.FLEXCOMM7_DriverIRQHandler)
    FLEXCOMM8_DriverIRQHandler               0x000039bd   Thumb Code    36  fsl_flexcomm.o(i.FLEXCOMM8_DriverIRQHandler)
    FLEXCOMM9_DriverIRQHandler               0x00003a21   Thumb Code    36  fsl_flexcomm.o(i.FLEXCOMM9_DriverIRQHandler)
    FLEXCOMM_GetInstance                     0x00003a85   Thumb Code    38  fsl_flexcomm.o(i.FLEXCOMM_GetInstance)
    FLEXCOMM_Init                            0x00003ad5   Thumb Code    72  fsl_flexcomm.o(i.FLEXCOMM_Init)
    FLEXCOMM_SetPeriph                       0x00003b63   Thumb Code    68  fsl_flexcomm.o(i.FLEXCOMM_SetPeriph)
    GINT0_DriverIRQHandler                   0x00003bbd   Thumb Code    32  fsl_gint.o(i.GINT0_DriverIRQHandler)
    GINT1_DriverIRQHandler                   0x00003be5   Thumb Code    32  fsl_gint.o(i.GINT1_DriverIRQHandler)
    HWVAD0_IRQHandler                        0x00003c0d   Thumb Code    16  fsl_dmic.o(i.HWVAD0_IRQHandler)
    I2C_MasterGetDefaultConfig               0x00003c4d   Thumb Code    14  fsl_i2c.o(i.I2C_MasterGetDefaultConfig)
    I2C_MasterInit                           0x00003c61   Thumb Code    36  fsl_i2c.o(i.I2C_MasterInit)
    I2C_MasterReadBlocking                   0x00003c85   Thumb Code   184  fsl_i2c.o(i.I2C_MasterReadBlocking)
    I2C_MasterSetBaudRate                    0x00003d71   Thumb Code   136  fsl_i2c.o(i.I2C_MasterSetBaudRate)
    I2C_MasterStart                          0x00003df9   Thumb Code    34  fsl_i2c.o(i.I2C_MasterStart)
    I2C_MasterStop                           0x00003e1b   Thumb Code    20  fsl_i2c.o(i.I2C_MasterStop)
    I2C_MasterTransferBlocking               0x00003e31   Thumb Code   218  fsl_i2c.o(i.I2C_MasterTransferBlocking)
    I2C_MasterWriteBlocking                  0x00003f2d   Thumb Code   202  fsl_i2c.o(i.I2C_MasterWriteBlocking)
    I2S_RxGetDefaultConfig                   0x0000411d   Thumb Code    48  fsl_i2s.o(i.I2S_RxGetDefaultConfig)
    I2S_RxInit                               0x0000414d   Thumb Code    74  fsl_i2s.o(i.I2S_RxInit)
    I2S_TxGetDefaultConfig                   0x00004197   Thumb Code    52  fsl_i2s.o(i.I2S_TxGetDefaultConfig)
    I2S_TxInit                               0x000041cb   Thumb Code    84  fsl_i2s.o(i.I2S_TxInit)
    InitAudio_CODEC                          0x0000422d   Thumb Code   290  audio.o(i.InitAudio_CODEC)
    InitBuffers                              0x00004395   Thumb Code    54  main.o(i.InitBuffers)
    LCDC_ClearInterruptsStatus               0x000043e1   Thumb Code    22  fsl_lcdc.o(i.LCDC_ClearInterruptsStatus)
    LCDC_EnableInterrupts                    0x000043f7   Thumb Code    32  fsl_lcdc.o(i.LCDC_EnableInterrupts)
    LCDC_GetDefaultConfig                    0x0000450d   Thumb Code    52  fsl_lcdc.o(i.LCDC_GetDefaultConfig)
    LCDC_GetEnabledInterruptsPendingStatus   0x00004541   Thumb Code    12  fsl_lcdc.o(i.LCDC_GetEnabledInterruptsPendingStatus)
    LCDC_Init                                0x000045bd   Thumb Code   362  fsl_lcdc.o(i.LCDC_Init)
    LCD_IRQHandler                           0x000047c9   Thumb Code    48  egfx_driver_lpcxpresso_54608.o(i.LCD_IRQHandler)
    PINT_PatternMatchResetDetectLogic        0x00004841   Thumb Code    20  fsl_pint.o(i.PINT_PatternMatchResetDetectLogic)
    PIN_INT0_DriverIRQHandler                0x0000485d   Thumb Code    40  fsl_pint.o(i.PIN_INT0_DriverIRQHandler)
    PIN_INT1_DriverIRQHandler                0x00004889   Thumb Code    40  fsl_pint.o(i.PIN_INT1_DriverIRQHandler)
    PIN_INT2_DriverIRQHandler                0x000048b5   Thumb Code    40  fsl_pint.o(i.PIN_INT2_DriverIRQHandler)
    PIN_INT3_DriverIRQHandler                0x000048e1   Thumb Code    40  fsl_pint.o(i.PIN_INT3_DriverIRQHandler)
    PIN_INT4_DriverIRQHandler                0x0000490d   Thumb Code    40  fsl_pint.o(i.PIN_INT4_DriverIRQHandler)
    PIN_INT5_DriverIRQHandler                0x00004939   Thumb Code    40  fsl_pint.o(i.PIN_INT5_DriverIRQHandler)
    PIN_INT6_DriverIRQHandler                0x00004965   Thumb Code    40  fsl_pint.o(i.PIN_INT6_DriverIRQHandler)
    PIN_INT7_DriverIRQHandler                0x00004991   Thumb Code    40  fsl_pint.o(i.PIN_INT7_DriverIRQHandler)
    POWER_SetPLL                             0x000049f9   Thumb Code    24  fsl_power_lib.o(i.POWER_SetPLL)
    POWER_SetVoltageForFreq                  0x00004a19   Thumb Code   110  fsl_power_lib.o(i.POWER_SetVoltageForFreq)
    POWER_setVdLevel                         0x00004a8d   Thumb Code    14  fsl_power_lib.o(i.POWER_setVdLevel)
    RESET_ClearPeripheralReset               0x00004aa1   Thumb Code    80  fsl_reset.o(i.RESET_ClearPeripheralReset)
    RESET_PeripheralReset                    0x00004b21   Thumb Code    18  fsl_reset.o(i.RESET_PeripheralReset)
    RESET_SetPeripheralReset                 0x00004b35   Thumb Code    80  fsl_reset.o(i.RESET_SetPeripheralReset)
    SCT0_IRQHandler                          0x00004bb5   Thumb Code    12  fsl_sctimer.o(i.SCT0_IRQHandler)
    SCTIMER_CreateAndScheduleEvent           0x00004bc9   Thumb Code   456  fsl_sctimer.o(i.SCTIMER_CreateAndScheduleEvent)
    SCTIMER_EventHandleIRQ                   0x00004da1   Thumb Code    72  fsl_sctimer.o(i.SCTIMER_EventHandleIRQ)
    SCTIMER_GetDefaultConfig                 0x00004df1   Thumb Code    40  fsl_sctimer.o(i.SCTIMER_GetDefaultConfig)
    SCTIMER_Init                             0x00004ead   Thumb Code   222  fsl_sctimer.o(i.SCTIMER_Init)
    SCTIMER_SetupPwm                         0x00005011   Thumb Code   426  fsl_sctimer.o(i.SCTIMER_SetupPwm)
    SDIO_DriverIRQHandler                    0x00005205   Thumb Code    36  fsl_sdif.o(i.SDIO_DriverIRQHandler)
    SampleInBuffer                           0x0000525d   Thumb Code    54  main.o(i.SampleInBuffer)
    SystemInit                               0x000052a9   Thumb Code    28  system_lpc54608.o(i.SystemInit)
    USART_GetDefaultConfig                   0x000052d1   Thumb Code    48  fsl_usart.o(i.USART_GetDefaultConfig)
    USART_Init                               0x00005329   Thumb Code   226  fsl_usart.o(i.USART_Init)
    USART_ReadBlocking                       0x00005461   Thumb Code   188  fsl_usart.o(i.USART_ReadBlocking)
    USART_SetBaudRate                        0x00005559   Thumb Code   152  fsl_usart.o(i.USART_SetBaudRate)
    USART_WriteBlocking                      0x00005649   Thumb Code    92  fsl_usart.o(i.USART_WriteBlocking)
    UTICK0_DriverIRQHandler                  0x000056e1   Thumb Code    16  fsl_utick.o(i.UTICK0_DriverIRQHandler)
    WM8904_GetDefaultConfig                  0x000056fd   Thumb Code    26  fsl_wm8904.o(i.WM8904_GetDefaultConfig)
    WM8904_Init                              0x00005717   Thumb Code   548  fsl_wm8904.o(i.WM8904_Init)
    WM8904_SetAudioFormat                    0x000059c5   Thumb Code    94  fsl_wm8904.o(i.WM8904_SetAudioFormat)
    WM8904_SetMasterSlave                    0x00005a23   Thumb Code    12  fsl_wm8904.o(i.WM8904_SetMasterSlave)
    WM8904_SetProtocol                       0x00005a2f   Thumb Code    20  fsl_wm8904.o(i.WM8904_SetProtocol)
    WM8904_SetVolume                         0x00005a43   Thumb Code    58  fsl_wm8904.o(i.WM8904_SetVolume)
    __0vsnprintf                             0x00005aed   Thumb Code    40  printfa.o(i.__0vsnprintf)
    __1vsnprintf                             0x00005aed   Thumb Code     0  printfa.o(i.__0vsnprintf)
    __2vsnprintf                             0x00005aed   Thumb Code     0  printfa.o(i.__0vsnprintf)
    __c89vsnprintf                           0x00005aed   Thumb Code     0  printfa.o(i.__0vsnprintf)
    vsnprintf                                0x00005aed   Thumb Code     0  printfa.o(i.__0vsnprintf)
    __aeabi_assert                           0x00005b19   Thumb Code    24  fsl_common.o(i.__aeabi_assert)
    __scatterload_copy                       0x00005b5d   Thumb Code    14  handlers.o(i.__scatterload_copy)
    __scatterload_null                       0x00005b6b   Thumb Code     2  handlers.o(i.__scatterload_null)
    __scatterload_zeroinit                   0x00005b6d   Thumb Code    14  handlers.o(i.__scatterload_zeroinit)
    eGFX_BitStreamGet                        0x00006445   Thumb Code    20  egfx.o(i.eGFX_BitStreamGet)
    eGFX_BitStreamPut                        0x00006459   Thumb Code    36  egfx.o(i.eGFX_BitStreamPut)
    eGFX_Blit                                0x0000647d   Thumb Code    74  egfx.o(i.eGFX_Blit)
    eGFX_BlitColored                         0x000064c7   Thumb Code    78  egfx.o(i.eGFX_BlitColored)
    eGFX_DrawCharacterColored                0x00006515   Thumb Code    76  egfx.o(i.eGFX_DrawCharacterColored)
    eGFX_DrawLine                            0x00006561   Thumb Code   294  egfx.o(i.eGFX_DrawLine)
    eGFX_DrawStringColored                   0x00006687   Thumb Code    76  egfx.o(i.eGFX_DrawStringColored)
    eGFX_Dump                                0x000066d5   Thumb Code    50  egfx_driver_lpcxpresso_54608.o(i.eGFX_Dump)
    eGFX_GetPixel                            0x00006715   Thumb Code   334  egfx.o(i.eGFX_GetPixel)
    eGFX_GetStringWidth                      0x00006863   Thumb Code    66  egfx.o(i.eGFX_GetStringWidth)
    eGFX_ImagePlaneInit                      0x000068a5   Thumb Code    14  egfx.o(i.eGFX_ImagePlaneInit)
    eGFX_ImagePlane_Clear                    0x000068b3   Thumb Code   206  egfx.o(i.eGFX_ImagePlane_Clear)
    eGFX_InitDriver                          0x00006981   Thumb Code    50  egfx_driver_lpcxpresso_54608.o(i.eGFX_InitDriver)
    eGFX_PutPixel                            0x000069bd   Thumb Code   350  egfx.o(i.eGFX_PutPixel)
    eGFX_WaitForVSync                        0x00006b1d   Thumb Code    12  egfx_driver_lpcxpresso_54608.o(i.eGFX_WaitForVSync)
    eGFX_printf_HorizontalCentered_Colored   0x00006b2d   Thumb Code    88  egfx.o(i.eGFX_printf_HorizontalCentered_Colored)
    main                                     0x00006be5   Thumb Code   456  main.o(i.main)
    medsort                                  0x00006dd5   Thumb Code   102  main.o(i.medsort)
    g_I2S_Mclk_Freq                          0x000070a4   Data           4  fsl_clock.o(.constdata)
    g_Ext_Clk_Freq                           0x000070a8   Data           4  fsl_clock.o(.constdata)
    g_Lcd_Clk_In_Freq                        0x000070ac   Data           4  fsl_clock.o(.constdata)
    kFlexcommIrqs                            0x00007144   Data          10  fsl_flexcomm.o(.constdata)
    Sprite_16BPP_565_403W_Logo_flat_Data     0x000071bc   Data       75840  sprites_16bpp_565.o(.constdata)
    Sprite_16BPP_565_403W_Logo_flat          0x000199fc   Data          12  sprites_16bpp_565.o(.constdata)
    Sprite_16BPP_565_403W_Logo_S_Data        0x00019a08   Data       53248  sprites_16bpp_565.o(.constdata)
    Sprite_16BPP_565_403W_Logo_S             0x00026a08   Data          12  sprites_16bpp_565.o(.constdata)
    Arial_Unicode_MS__48px__Regular__SystemDefault_1BPP_FontElement_space_Data 0x00026a14   Data          94  arial_unicode_ms__48px__regular__systemdefault_1bpp.o(.constdata)
    Arial_Unicode_MS__48px__Regular__SystemDefault_1BPP_FontElement_space 0x00026a74   Data          12  arial_unicode_ms__48px__regular__systemdefault_1bpp.o(.constdata)
    Arial_Unicode_MS__48px__Regular__SystemDefault_1BPP_FontElement_exclamation_point_Data 0x00026a80   Data          47  arial_unicode_ms__48px__regular__systemdefault_1bpp.o(.constdata)
    Arial_Unicode_MS__48px__Regular__SystemDefault_1BPP_FontElement_exclamation_point 0x00026ab0   Data          12  arial_unicode_ms__48px__regular__systemdefault_1bpp.o(.constdata)
    Arial_Unicode_MS__48px__Regular__SystemDefault_1BPP_FontElement_double_quotes_Data 0x00026abc   Data          94  arial_unicode_ms__48px__regular__systemdefault_1bpp.o(.constdata)
    Arial_Unicode_MS__48px__Regular__SystemDefault_1BPP_FontElement_double_quotes 0x00026b1c   Data          12  arial_unicode_ms__48px__regular__systemdefault_1bpp.o(.constdata)
    Arial_Unicode_MS__48px__Regular__SystemDefault_1BPP_FontElement_pound_Data 0x00026b28   Data         188  arial_unicode_ms__48px__regular__systemdefault_1bpp.o(.constdata)
    Arial_Unicode_MS__48px__Regular__SystemDefault_1BPP_FontElement_pound 0x00026be4   Data          12  arial_unicode_ms__48px__regular__systemdefault_1bpp.o(.constdata)
    Arial_Unicode_MS__48px__Regular__SystemDefault_1BPP_FontElement_dollar_sign_Data 0x00026bf0   Data         141  arial_unicode_ms__48px__regular__systemdefault_1bpp.o(.constdata)
    Arial_Unicode_MS__48px__Regular__SystemDefault_1BPP_FontElement_dollar_sign 0x00026c80   Data          12  arial_unicode_ms__48px__regular__systemdefault_1bpp.o(.constdata)
    Arial_Unicode_MS__48px__Regular__SystemDefault_1BPP_FontElement_precent_sign_Data 0x00026c8c   Data         235  arial_unicode_ms__48px__regular__systemdefault_1bpp.o(.constdata)
    Arial_Unicode_MS__48px__Regular__SystemDefault_1BPP_FontElement_precent_sign 0x00026d78   Data          12  arial_unicode_ms__48px__regular__systemdefault_1bpp.o(.constdata)
    Arial_Unicode_MS__48px__Regular__SystemDefault_1BPP_FontElement_ampersand_Data 0x00026d84   Data         188  arial_unicode_ms__48px__regular__systemdefault_1bpp.o(.constdata)
    Arial_Unicode_MS__48px__Regular__SystemDefault_1BPP_FontElement_ampersand 0x00026e40   Data          12  arial_unicode_ms__48px__regular__systemdefault_1bpp.o(.constdata)
    Arial_Unicode_MS__48px__Regular__SystemDefault_1BPP_FontElement_single_quote_Data 0x00026e4c   Data          47  arial_unicode_ms__48px__regular__systemdefault_1bpp.o(.constdata)
    Arial_Unicode_MS__48px__Regular__SystemDefault_1BPP_FontElement_single_quote 0x00026e7c   Data          12  arial_unicode_ms__48px__regular__systemdefault_1bpp.o(.constdata)
    Arial_Unicode_MS__48px__Regular__SystemDefault_1BPP_FontElement_left_parenthesis_Data 0x00026e88   Data          94  arial_unicode_ms__48px__regular__systemdefault_1bpp.o(.constdata)
    Arial_Unicode_MS__48px__Regular__SystemDefault_1BPP_FontElement_left_parenthesis 0x00026ee8   Data          12  arial_unicode_ms__48px__regular__systemdefault_1bpp.o(.constdata)
    Arial_Unicode_MS__48px__Regular__SystemDefault_1BPP_FontElement_right_parenthesis_Data 0x00026ef4   Data          94  arial_unicode_ms__48px__regular__systemdefault_1bpp.o(.constdata)
    Arial_Unicode_MS__48px__Regular__SystemDefault_1BPP_FontElement_right_parenthesis 0x00026f54   Data          12  arial_unicode_ms__48px__regular__systemdefault_1bpp.o(.constdata)
    Arial_Unicode_MS__48px__Regular__SystemDefault_1BPP_FontElement_star_Data 0x00026f60   Data         141  arial_unicode_ms__48px__regular__systemdefault_1bpp.o(.constdata)
    px__Regular__SystemDefault_1BPP_FontElement_star::Arial_Unicode_MS 0x00026ff0   Data          12  arial_unicode_ms__48px__regular__systemdefault_1bpp.o(.constdata)
    Arial_Unicode_MS__48px__Regular__SystemDefault_1BPP_FontElement_plus_Data 0x00026ffc   Data         141  arial_unicode_ms__48px__regular__systemdefault_1bpp.o(.constdata)
    px__Regular__SystemDefault_1BPP_FontElement_plus::Arial_Unicode_MS 0x0002708c   Data          12  arial_unicode_ms__48px__regular__systemdefault_1bpp.o(.constdata)
    Arial_Unicode_MS__48px__Regular__SystemDefault_1BPP_FontElement_comma_Data 0x00027098   Data          47  arial_unicode_ms__48px__regular__systemdefault_1bpp.o(.constdata)
    Arial_Unicode_MS__48px__Regular__SystemDefault_1BPP_FontElement_comma 0x000270c8   Data          12  arial_unicode_ms__48px__regular__systemdefault_1bpp.o(.constdata)
    Arial_Unicode_MS__48px__Regular__SystemDefault_1BPP_FontElement_dash_Data 0x000270d4   Data          94  arial_unicode_ms__48px__regular__systemdefault_1bpp.o(.constdata)
    px__Regular__SystemDefault_1BPP_FontElement_dash::Arial_Unicode_MS 0x00027134   Data          12  arial_unicode_ms__48px__regular__systemdefault_1bpp.o(.constdata)
    Arial_Unicode_MS__48px__Regular__SystemDefault_1BPP_FontElement_period_Data 0x00027140   Data          47  arial_unicode_ms__48px__regular__systemdefault_1bpp.o(.constdata)
    Arial_Unicode_MS__48px__Regular__SystemDefault_1BPP_FontElement_period 0x00027170   Data          12  arial_unicode_ms__48px__regular__systemdefault_1bpp.o(.constdata)
    Arial_Unicode_MS__48px__Regular__SystemDefault_1BPP_FontElement_forward_slash_Data 0x0002717c   Data          94  arial_unicode_ms__48px__regular__systemdefault_1bpp.o(.constdata)
    Arial_Unicode_MS__48px__Regular__SystemDefault_1BPP_FontElement_forward_slash 0x000271dc   Data          12  arial_unicode_ms__48px__regular__systemdefault_1bpp.o(.constdata)
    Arial_Unicode_MS__48px__Regular__SystemDefault_1BPP_FontElement__0_Data 0x000271e8   Data         141  arial_unicode_ms__48px__regular__systemdefault_1bpp.o(.constdata)
    Arial_Unicode_MS__48px__Regular__SystemDefault_1BPP_FontElement__0 0x00027278   Data          12  arial_unicode_ms__48px__regular__systemdefault_1bpp.o(.constdata)
    Arial_Unicode_MS__48px__Regular__SystemDefault_1BPP_FontElement__1_Data 0x00027284   Data          94  arial_unicode_ms__48px__regular__systemdefault_1bpp.o(.constdata)
    Arial_Unicode_MS__48px__Regular__SystemDefault_1BPP_FontElement__1 0x000272e4   Data          12  arial_unicode_ms__48px__regular__systemdefault_1bpp.o(.constdata)
    Arial_Unicode_MS__48px__Regular__SystemDefault_1BPP_FontElement__2_Data 0x000272f0   Data         141  arial_unicode_ms__48px__regular__systemdefault_1bpp.o(.constdata)
    Arial_Unicode_MS__48px__Regular__SystemDefault_1BPP_FontElement__2 0x00027380   Data          12  arial_unicode_ms__48px__regular__systemdefault_1bpp.o(.constdata)
    Arial_Unicode_MS__48px__Regular__SystemDefault_1BPP_FontElement__3_Data 0x0002738c   Data         141  arial_unicode_ms__48px__regular__systemdefault_1bpp.o(.constdata)
    Arial_Unicode_MS__48px__Regular__SystemDefault_1BPP_FontElement__3 0x0002741c   Data          12  arial_unicode_ms__48px__regular__systemdefault_1bpp.o(.constdata)
    Arial_Unicode_MS__48px__Regular__SystemDefault_1BPP_FontElement__4_Data 0x00027428   Data         188  arial_unicode_ms__48px__regular__systemdefault_1bpp.o(.constdata)
    Arial_Unicode_MS__48px__Regular__SystemDefault_1BPP_FontElement__4 0x000274e4   Data          12  arial_unicode_ms__48px__regular__systemdefault_1bpp.o(.constdata)
    Arial_Unicode_MS__48px__Regular__SystemDefault_1BPP_FontElement__5_Data 0x000274f0   Data         141  arial_unicode_ms__48px__regular__systemdefault_1bpp.o(.constdata)
    Arial_Unicode_MS__48px__Regular__SystemDefault_1BPP_FontElement__5 0x00027580   Data          12  arial_unicode_ms__48px__regular__systemdefault_1bpp.o(.constdata)
    Arial_Unicode_MS__48px__Regular__SystemDefault_1BPP_FontElement__6_Data 0x0002758c   Data         141  arial_unicode_ms__48px__regular__systemdefault_1bpp.o(.constdata)
    Arial_Unicode_MS__48px__Regular__SystemDefault_1BPP_FontElement__6 0x0002761c   Data          12  arial_unicode_ms__48px__regular__systemdefault_1bpp.o(.constdata)
    Arial_Unicode_MS__48px__Regular__SystemDefault_1BPP_FontElement__7_Data 0x00027628   Data         141  arial_unicode_ms__48px__regular__systemdefault_1bpp.o(.constdata)
    Arial_Unicode_MS__48px__Regular__SystemDefault_1BPP_FontElement__7 0x000276b8   Data          12  arial_unicode_ms__48px__regular__systemdefault_1bpp.o(.constdata)
    Arial_Unicode_MS__48px__Regular__SystemDefault_1BPP_FontElement__8_Data 0x000276c4   Data         141  arial_unicode_ms__48px__regular__systemdefault_1bpp.o(.constdata)
    Arial_Unicode_MS__48px__Regular__SystemDefault_1BPP_FontElement__8 0x00027754   Data          12  arial_unicode_ms__48px__regular__systemdefault_1bpp.o(.constdata)
    Arial_Unicode_MS__48px__Regular__SystemDefault_1BPP_FontElement__9_Data 0x00027760   Data         141  arial_unicode_ms__48px__regular__systemdefault_1bpp.o(.constdata)
    Arial_Unicode_MS__48px__Regular__SystemDefault_1BPP_FontElement__9 0x000277f0   Data          12  arial_unicode_ms__48px__regular__systemdefault_1bpp.o(.constdata)
    Arial_Unicode_MS__48px__Regular__SystemDefault_1BPP_FontElement_colon_Data 0x000277fc   Data          47  arial_unicode_ms__48px__regular__systemdefault_1bpp.o(.constdata)
    Arial_Unicode_MS__48px__Regular__SystemDefault_1BPP_FontElement_colon 0x0002782c   Data          12  arial_unicode_ms__48px__regular__systemdefault_1bpp.o(.constdata)
    Arial_Unicode_MS__48px__Regular__SystemDefault_1BPP_FontElement_semicolon_Data 0x00027838   Data          47  arial_unicode_ms__48px__regular__systemdefault_1bpp.o(.constdata)
    Arial_Unicode_MS__48px__Regular__SystemDefault_1BPP_FontElement_semicolon 0x00027868   Data          12  arial_unicode_ms__48px__regular__systemdefault_1bpp.o(.constdata)
    Arial_Unicode_MS__48px__Regular__SystemDefault_1BPP_FontElement_less_than_Data 0x00027874   Data         141  arial_unicode_ms__48px__regular__systemdefault_1bpp.o(.constdata)
    Arial_Unicode_MS__48px__Regular__SystemDefault_1BPP_FontElement_less_than 0x00027904   Data          12  arial_unicode_ms__48px__regular__systemdefault_1bpp.o(.constdata)
    Arial_Unicode_MS__48px__Regular__SystemDefault_1BPP_FontElement_equals_Data 0x00027910   Data         141  arial_unicode_ms__48px__regular__systemdefault_1bpp.o(.constdata)
    Arial_Unicode_MS__48px__Regular__SystemDefault_1BPP_FontElement_equals 0x000279a0   Data          12  arial_unicode_ms__48px__regular__systemdefault_1bpp.o(.constdata)
    Arial_Unicode_MS__48px__Regular__SystemDefault_1BPP_FontElement_great_than_Data 0x000279ac   Data         141  arial_unicode_ms__48px__regular__systemdefault_1bpp.o(.constdata)
    Arial_Unicode_MS__48px__Regular__SystemDefault_1BPP_FontElement_great_than 0x00027a3c   Data          12  arial_unicode_ms__48px__regular__systemdefault_1bpp.o(.constdata)
    Arial_Unicode_MS__48px__Regular__SystemDefault_1BPP_FontElement_question_mark_Data 0x00027a48   Data         141  arial_unicode_ms__48px__regular__systemdefault_1bpp.o(.constdata)
    Arial_Unicode_MS__48px__Regular__SystemDefault_1BPP_FontElement_question_mark 0x00027ad8   Data          12  arial_unicode_ms__48px__regular__systemdefault_1bpp.o(.constdata)
    Arial_Unicode_MS__48px__Regular__SystemDefault_1BPP_FontElement_at_Data 0x00027ae4   Data         282  arial_unicode_ms__48px__regular__systemdefault_1bpp.o(.constdata)
    Arial_Unicode_MS__48px__Regular__SystemDefault_1BPP_FontElement_at 0x00027c00   Data          12  arial_unicode_ms__48px__regular__systemdefault_1bpp.o(.constdata)
    Arial_Unicode_MS__48px__Regular__SystemDefault_1BPP_FontElement_uc_A_Data 0x00027c0c   Data         235  arial_unicode_ms__48px__regular__systemdefault_1bpp.o(.constdata)
    px__Regular__SystemDefault_1BPP_FontElement_uc_A::Arial_Unicode_MS 0x00027cf8   Data          12  arial_unicode_ms__48px__regular__systemdefault_1bpp.o(.constdata)
    Arial_Unicode_MS__48px__Regular__SystemDefault_1BPP_FontElement_uc_B_Data 0x00027d04   Data         188  arial_unicode_ms__48px__regular__systemdefault_1bpp.o(.constdata)
    px__Regular__SystemDefault_1BPP_FontElement_uc_B::Arial_Unicode_MS 0x00027dc0   Data          12  arial_unicode_ms__48px__regular__systemdefault_1bpp.o(.constdata)
    Arial_Unicode_MS__48px__Regular__SystemDefault_1BPP_FontElement_uc_C_Data 0x00027dcc   Data         188  arial_unicode_ms__48px__regular__systemdefault_1bpp.o(.constdata)
    px__Regular__SystemDefault_1BPP_FontElement_uc_C::Arial_Unicode_MS 0x00027e88   Data          12  arial_unicode_ms__48px__regular__systemdefault_1bpp.o(.constdata)
    Arial_Unicode_MS__48px__Regular__SystemDefault_1BPP_FontElement_uc_D_Data 0x00027e94   Data         188  arial_unicode_ms__48px__regular__systemdefault_1bpp.o(.constdata)
    px__Regular__SystemDefault_1BPP_FontElement_uc_D::Arial_Unicode_MS 0x00027f50   Data          12  arial_unicode_ms__48px__regular__systemdefault_1bpp.o(.constdata)
    Arial_Unicode_MS__48px__Regular__SystemDefault_1BPP_FontElement_uc_E_Data 0x00027f5c   Data         188  arial_unicode_ms__48px__regular__systemdefault_1bpp.o(.constdata)
    px__Regular__SystemDefault_1BPP_FontElement_uc_E::Arial_Unicode_MS 0x00028018   Data          12  arial_unicode_ms__48px__regular__systemdefault_1bpp.o(.constdata)
    Arial_Unicode_MS__48px__Regular__SystemDefault_1BPP_FontElement_uc_F_Data 0x00028024   Data         188  arial_unicode_ms__48px__regular__systemdefault_1bpp.o(.constdata)
    px__Regular__SystemDefault_1BPP_FontElement_uc_F::Arial_Unicode_MS 0x000280e0   Data          12  arial_unicode_ms__48px__regular__systemdefault_1bpp.o(.constdata)
    Arial_Unicode_MS__48px__Regular__SystemDefault_1BPP_FontElement_uc_G_Data 0x000280ec   Data         235  arial_unicode_ms__48px__regular__systemdefault_1bpp.o(.constdata)
    px__Regular__SystemDefault_1BPP_FontElement_uc_G::Arial_Unicode_MS 0x000281d8   Data          12  arial_unicode_ms__48px__regular__systemdefault_1bpp.o(.constdata)
    Arial_Unicode_MS__48px__Regular__SystemDefault_1BPP_FontElement_uc_H_Data 0x000281e4   Data         188  arial_unicode_ms__48px__regular__systemdefault_1bpp.o(.constdata)
    px__Regular__SystemDefault_1BPP_FontElement_uc_H::Arial_Unicode_MS 0x000282a0   Data          12  arial_unicode_ms__48px__regular__systemdefault_1bpp.o(.constdata)
    Arial_Unicode_MS__48px__Regular__SystemDefault_1BPP_FontElement_uc_I_Data 0x000282ac   Data          47  arial_unicode_ms__48px__regular__systemdefault_1bpp.o(.constdata)
    px__Regular__SystemDefault_1BPP_FontElement_uc_I::Arial_Unicode_MS 0x000282dc   Data          12  arial_unicode_ms__48px__regular__systemdefault_1bpp.o(.constdata)
    Arial_Unicode_MS__48px__Regular__SystemDefault_1BPP_FontElement_uc_J_Data 0x000282e8   Data         141  arial_unicode_ms__48px__regular__systemdefault_1bpp.o(.constdata)
    px__Regular__SystemDefault_1BPP_FontElement_uc_J::Arial_Unicode_MS 0x00028378   Data          12  arial_unicode_ms__48px__regular__systemdefault_1bpp.o(.constdata)
    Arial_Unicode_MS__48px__Regular__SystemDefault_1BPP_FontElement_uc_K_Data 0x00028384   Data         188  arial_unicode_ms__48px__regular__systemdefault_1bpp.o(.constdata)
    px__Regular__SystemDefault_1BPP_FontElement_uc_K::Arial_Unicode_MS 0x00028440   Data          12  arial_unicode_ms__48px__regular__systemdefault_1bpp.o(.constdata)
    Arial_Unicode_MS__48px__Regular__SystemDefault_1BPP_FontElement_uc_L_Data 0x0002844c   Data         141  arial_unicode_ms__48px__regular__systemdefault_1bpp.o(.constdata)
    px__Regular__SystemDefault_1BPP_FontElement_uc_L::Arial_Unicode_MS 0x000284dc   Data          12  arial_unicode_ms__48px__regular__systemdefault_1bpp.o(.constdata)
    Arial_Unicode_MS__48px__Regular__SystemDefault_1BPP_FontElement_uc_M_Data 0x000284e8   Data         235  arial_unicode_ms__48px__regular__systemdefault_1bpp.o(.constdata)
    px__Regular__SystemDefault_1BPP_FontElement_uc_M::Arial_Unicode_MS 0x000285d4   Data          12  arial_unicode_ms__48px__regular__systemdefault_1bpp.o(.constdata)
    Arial_Unicode_MS__48px__Regular__SystemDefault_1BPP_FontElement_uc_N_Data 0x000285e0   Data         188  arial_unicode_ms__48px__regular__systemdefault_1bpp.o(.constdata)
    px__Regular__SystemDefault_1BPP_FontElement_uc_N::Arial_Unicode_MS 0x0002869c   Data          12  arial_unicode_ms__48px__regular__systemdefault_1bpp.o(.constdata)
    Arial_Unicode_MS__48px__Regular__SystemDefault_1BPP_FontElement_uc_O_Data 0x000286a8   Data         235  arial_unicode_ms__48px__regular__systemdefault_1bpp.o(.constdata)
    px__Regular__SystemDefault_1BPP_FontElement_uc_O::Arial_Unicode_MS 0x00028794   Data          12  arial_unicode_ms__48px__regular__systemdefault_1bpp.o(.constdata)
    Arial_Unicode_MS__48px__Regular__SystemDefault_1BPP_FontElement_uc_P_Data 0x000287a0   Data         188  arial_unicode_ms__48px__regular__systemdefault_1bpp.o(.constdata)
    px__Regular__SystemDefault_1BPP_FontElement_uc_P::Arial_Unicode_MS 0x0002885c   Data          12  arial_unicode_ms__48px__regular__systemdefault_1bpp.o(.constdata)
    Arial_Unicode_MS__48px__Regular__SystemDefault_1BPP_FontElement_uc_Q_Data 0x00028868   Data         235  arial_unicode_ms__48px__regular__systemdefault_1bpp.o(.constdata)
    px__Regular__SystemDefault_1BPP_FontElement_uc_Q::Arial_Unicode_MS 0x00028954   Data          12  arial_unicode_ms__48px__regular__systemdefault_1bpp.o(.constdata)
    Arial_Unicode_MS__48px__Regular__SystemDefault_1BPP_FontElement_uc_R_Data 0x00028960   Data         188  arial_unicode_ms__48px__regular__systemdefault_1bpp.o(.constdata)
    px__Regular__SystemDefault_1BPP_FontElement_uc_R::Arial_Unicode_MS 0x00028a1c   Data          12  arial_unicode_ms__48px__regular__systemdefault_1bpp.o(.constdata)
    Arial_Unicode_MS__48px__Regular__SystemDefault_1BPP_FontElement_uc_S_Data 0x00028a28   Data         188  arial_unicode_ms__48px__regular__systemdefault_1bpp.o(.constdata)
    px__Regular__SystemDefault_1BPP_FontElement_uc_S::Arial_Unicode_MS 0x00028ae4   Data          12  arial_unicode_ms__48px__regular__systemdefault_1bpp.o(.constdata)
    Arial_Unicode_MS__48px__Regular__SystemDefault_1BPP_FontElement_uc_T_Data 0x00028af0   Data         188  arial_unicode_ms__48px__regular__systemdefault_1bpp.o(.constdata)
    px__Regular__SystemDefault_1BPP_FontElement_uc_T::Arial_Unicode_MS 0x00028bac   Data          12  arial_unicode_ms__48px__regular__systemdefault_1bpp.o(.constdata)
    Arial_Unicode_MS__48px__Regular__SystemDefault_1BPP_FontElement_uc_U_Data 0x00028bb8   Data         188  arial_unicode_ms__48px__regular__systemdefault_1bpp.o(.constdata)
    px__Regular__SystemDefault_1BPP_FontElement_uc_U::Arial_Unicode_MS 0x00028c74   Data          12  arial_unicode_ms__48px__regular__systemdefault_1bpp.o(.constdata)
    Arial_Unicode_MS__48px__Regular__SystemDefault_1BPP_FontElement_uc_V_Data 0x00028c80   Data         188  arial_unicode_ms__48px__regular__systemdefault_1bpp.o(.constdata)
    px__Regular__SystemDefault_1BPP_FontElement_uc_V::Arial_Unicode_MS 0x00028d3c   Data          12  arial_unicode_ms__48px__regular__systemdefault_1bpp.o(.constdata)
    Arial_Unicode_MS__48px__Regular__SystemDefault_1BPP_FontElement_uc_W_Data 0x00028d48   Data         282  arial_unicode_ms__48px__regular__systemdefault_1bpp.o(.constdata)
    px__Regular__SystemDefault_1BPP_FontElement_uc_W::Arial_Unicode_MS 0x00028e64   Data          12  arial_unicode_ms__48px__regular__systemdefault_1bpp.o(.constdata)
    Arial_Unicode_MS__48px__Regular__SystemDefault_1BPP_FontElement_uc_X_Data 0x00028e70   Data         235  arial_unicode_ms__48px__regular__systemdefault_1bpp.o(.constdata)
    px__Regular__SystemDefault_1BPP_FontElement_uc_X::Arial_Unicode_MS 0x00028f5c   Data          12  arial_unicode_ms__48px__regular__systemdefault_1bpp.o(.constdata)
    Arial_Unicode_MS__48px__Regular__SystemDefault_1BPP_FontElement_uc_Y_Data 0x00028f68   Data         235  arial_unicode_ms__48px__regular__systemdefault_1bpp.o(.constdata)
    px__Regular__SystemDefault_1BPP_FontElement_uc_Y::Arial_Unicode_MS 0x00029054   Data          12  arial_unicode_ms__48px__regular__systemdefault_1bpp.o(.constdata)
    Arial_Unicode_MS__48px__Regular__SystemDefault_1BPP_FontElement_uc_Z_Data 0x00029060   Data         188  arial_unicode_ms__48px__regular__systemdefault_1bpp.o(.constdata)
    px__Regular__SystemDefault_1BPP_FontElement_uc_Z::Arial_Unicode_MS 0x0002911c   Data          12  arial_unicode_ms__48px__regular__systemdefault_1bpp.o(.constdata)
    Arial_Unicode_MS__48px__Regular__SystemDefault_1BPP_FontElement_left_bracket_Data 0x00029128   Data          94  arial_unicode_ms__48px__regular__systemdefault_1bpp.o(.constdata)
    Arial_Unicode_MS__48px__Regular__SystemDefault_1BPP_FontElement_left_bracket 0x00029188   Data          12  arial_unicode_ms__48px__regular__systemdefault_1bpp.o(.constdata)
    Arial_Unicode_MS__48px__Regular__SystemDefault_1BPP_FontElement_backslash_Data 0x00029194   Data          94  arial_unicode_ms__48px__regular__systemdefault_1bpp.o(.constdata)
    Arial_Unicode_MS__48px__Regular__SystemDefault_1BPP_FontElement_backslash 0x000291f4   Data          12  arial_unicode_ms__48px__regular__systemdefault_1bpp.o(.constdata)
    Arial_Unicode_MS__48px__Regular__SystemDefault_1BPP_FontElement_right_bracket_Data 0x00029200   Data          94  arial_unicode_ms__48px__regular__systemdefault_1bpp.o(.constdata)
    Arial_Unicode_MS__48px__Regular__SystemDefault_1BPP_FontElement_right_bracket 0x00029260   Data          12  arial_unicode_ms__48px__regular__systemdefault_1bpp.o(.constdata)
    Arial_Unicode_MS__48px__Regular__SystemDefault_1BPP_FontElement_carret_Data 0x0002926c   Data         141  arial_unicode_ms__48px__regular__systemdefault_1bpp.o(.constdata)
    Arial_Unicode_MS__48px__Regular__SystemDefault_1BPP_FontElement_carret 0x000292fc   Data          12  arial_unicode_ms__48px__regular__systemdefault_1bpp.o(.constdata)
    Arial_Unicode_MS__48px__Regular__SystemDefault_1BPP_FontElement_underscore_Data 0x00029308   Data         188  arial_unicode_ms__48px__regular__systemdefault_1bpp.o(.constdata)
    Arial_Unicode_MS__48px__Regular__SystemDefault_1BPP_FontElement_underscore 0x000293c4   Data          12  arial_unicode_ms__48px__regular__systemdefault_1bpp.o(.constdata)
    Arial_Unicode_MS__48px__Regular__SystemDefault_1BPP_FontElement_slanted_single_quote_Data 0x000293d0   Data          94  arial_unicode_ms__48px__regular__systemdefault_1bpp.o(.constdata)
    Arial_Unicode_MS__48px__Regular__SystemDefault_1BPP_FontElement_slanted_single_quote 0x00029430   Data          12  arial_unicode_ms__48px__regular__systemdefault_1bpp.o(.constdata)
    Arial_Unicode_MS__48px__Regular__SystemDefault_1BPP_FontElement_lc_a_Data 0x0002943c   Data         188  arial_unicode_ms__48px__regular__systemdefault_1bpp.o(.constdata)
    px__Regular__SystemDefault_1BPP_FontElement_lc_a::Arial_Unicode_MS 0x000294f8   Data          12  arial_unicode_ms__48px__regular__systemdefault_1bpp.o(.constdata)
    Arial_Unicode_MS__48px__Regular__SystemDefault_1BPP_FontElement_lc_b_Data 0x00029504   Data         141  arial_unicode_ms__48px__regular__systemdefault_1bpp.o(.constdata)
    px__Regular__SystemDefault_1BPP_FontElement_lc_b::Arial_Unicode_MS 0x00029594   Data          12  arial_unicode_ms__48px__regular__systemdefault_1bpp.o(.constdata)
    Arial_Unicode_MS__48px__Regular__SystemDefault_1BPP_FontElement_lc_c_Data 0x000295a0   Data         141  arial_unicode_ms__48px__regular__systemdefault_1bpp.o(.constdata)
    px__Regular__SystemDefault_1BPP_FontElement_lc_c::Arial_Unicode_MS 0x00029630   Data          12  arial_unicode_ms__48px__regular__systemdefault_1bpp.o(.constdata)
    Arial_Unicode_MS__48px__Regular__SystemDefault_1BPP_FontElement_lc_d_Data 0x0002963c   Data         141  arial_unicode_ms__48px__regular__systemdefault_1bpp.o(.constdata)
    px__Regular__SystemDefault_1BPP_FontElement_lc_d::Arial_Unicode_MS 0x000296cc   Data          12  arial_unicode_ms__48px__regular__systemdefault_1bpp.o(.constdata)
    Arial_Unicode_MS__48px__Regular__SystemDefault_1BPP_FontElement_lc_e_Data 0x000296d8   Data         141  arial_unicode_ms__48px__regular__systemdefault_1bpp.o(.constdata)
    px__Regular__SystemDefault_1BPP_FontElement_lc_e::Arial_Unicode_MS 0x00029768   Data          12  arial_unicode_ms__48px__regular__systemdefault_1bpp.o(.constdata)
    Arial_Unicode_MS__48px__Regular__SystemDefault_1BPP_FontElement_lc_f_Data 0x00029774   Data          94  arial_unicode_ms__48px__regular__systemdefault_1bpp.o(.constdata)
    px__Regular__SystemDefault_1BPP_FontElement_lc_f::Arial_Unicode_MS 0x000297d4   Data          12  arial_unicode_ms__48px__regular__systemdefault_1bpp.o(.constdata)
    Arial_Unicode_MS__48px__Regular__SystemDefault_1BPP_FontElement_lc_g_Data 0x000297e0   Data         141  arial_unicode_ms__48px__regular__systemdefault_1bpp.o(.constdata)
    px__Regular__SystemDefault_1BPP_FontElement_lc_g::Arial_Unicode_MS 0x00029870   Data          12  arial_unicode_ms__48px__regular__systemdefault_1bpp.o(.constdata)
    Arial_Unicode_MS__48px__Regular__SystemDefault_1BPP_FontElement_lc_h_Data 0x0002987c   Data         141  arial_unicode_ms__48px__regular__systemdefault_1bpp.o(.constdata)
    px__Regular__SystemDefault_1BPP_FontElement_lc_h::Arial_Unicode_MS 0x0002990c   Data          12  arial_unicode_ms__48px__regular__systemdefault_1bpp.o(.constdata)
    Arial_Unicode_MS__48px__Regular__SystemDefault_1BPP_FontElement_lc_i_Data 0x00029918   Data          47  arial_unicode_ms__48px__regular__systemdefault_1bpp.o(.constdata)
    px__Regular__SystemDefault_1BPP_FontElement_lc_i::Arial_Unicode_MS 0x00029948   Data          12  arial_unicode_ms__48px__regular__systemdefault_1bpp.o(.constdata)
    Arial_Unicode_MS__48px__Regular__SystemDefault_1BPP_FontElement_lc_j_Data 0x00029954   Data          94  arial_unicode_ms__48px__regular__systemdefault_1bpp.o(.constdata)
    px__Regular__SystemDefault_1BPP_FontElement_lc_j::Arial_Unicode_MS 0x000299b4   Data          12  arial_unicode_ms__48px__regular__systemdefault_1bpp.o(.constdata)
    Arial_Unicode_MS__48px__Regular__SystemDefault_1BPP_FontElement_lc_k_Data 0x000299c0   Data         141  arial_unicode_ms__48px__regular__systemdefault_1bpp.o(.constdata)
    px__Regular__SystemDefault_1BPP_FontElement_lc_k::Arial_Unicode_MS 0x00029a50   Data          12  arial_unicode_ms__48px__regular__systemdefault_1bpp.o(.constdata)
    Arial_Unicode_MS__48px__Regular__SystemDefault_1BPP_FontElement_lc_l_Data 0x00029a5c   Data          47  arial_unicode_ms__48px__regular__systemdefault_1bpp.o(.constdata)
    px__Regular__SystemDefault_1BPP_FontElement_lc_l::Arial_Unicode_MS 0x00029a8c   Data          12  arial_unicode_ms__48px__regular__systemdefault_1bpp.o(.constdata)
    Arial_Unicode_MS__48px__Regular__SystemDefault_1BPP_FontElement_lc_m_Data 0x00029a98   Data         235  arial_unicode_ms__48px__regular__systemdefault_1bpp.o(.constdata)
    px__Regular__SystemDefault_1BPP_FontElement_lc_m::Arial_Unicode_MS 0x00029b84   Data          12  arial_unicode_ms__48px__regular__systemdefault_1bpp.o(.constdata)
    Arial_Unicode_MS__48px__Regular__SystemDefault_1BPP_FontElement_lc_n_Data 0x00029b90   Data         141  arial_unicode_ms__48px__regular__systemdefault_1bpp.o(.constdata)
    px__Regular__SystemDefault_1BPP_FontElement_lc_n::Arial_Unicode_MS 0x00029c20   Data          12  arial_unicode_ms__48px__regular__systemdefault_1bpp.o(.constdata)
    Arial_Unicode_MS__48px__Regular__SystemDefault_1BPP_FontElement_lc_o_Data 0x00029c2c   Data         188  arial_unicode_ms__48px__regular__systemdefault_1bpp.o(.constdata)
    px__Regular__SystemDefault_1BPP_FontElement_lc_o::Arial_Unicode_MS 0x00029ce8   Data          12  arial_unicode_ms__48px__regular__systemdefault_1bpp.o(.constdata)
    Arial_Unicode_MS__48px__Regular__SystemDefault_1BPP_FontElement_lc_p_Data 0x00029cf4   Data         141  arial_unicode_ms__48px__regular__systemdefault_1bpp.o(.constdata)
    px__Regular__SystemDefault_1BPP_FontElement_lc_p::Arial_Unicode_MS 0x00029d84   Data          12  arial_unicode_ms__48px__regular__systemdefault_1bpp.o(.constdata)
    Arial_Unicode_MS__48px__Regular__SystemDefault_1BPP_FontElement_lc_q_Data 0x00029d90   Data         141  arial_unicode_ms__48px__regular__systemdefault_1bpp.o(.constdata)
    px__Regular__SystemDefault_1BPP_FontElement_lc_q::Arial_Unicode_MS 0x00029e20   Data          12  arial_unicode_ms__48px__regular__systemdefault_1bpp.o(.constdata)
    Arial_Unicode_MS__48px__Regular__SystemDefault_1BPP_FontElement_lc_r_Data 0x00029e2c   Data          94  arial_unicode_ms__48px__regular__systemdefault_1bpp.o(.constdata)
    px__Regular__SystemDefault_1BPP_FontElement_lc_r::Arial_Unicode_MS 0x00029e8c   Data          12  arial_unicode_ms__48px__regular__systemdefault_1bpp.o(.constdata)
    Arial_Unicode_MS__48px__Regular__SystemDefault_1BPP_FontElement_lc_s_Data 0x00029e98   Data         141  arial_unicode_ms__48px__regular__systemdefault_1bpp.o(.constdata)
    px__Regular__SystemDefault_1BPP_FontElement_lc_s::Arial_Unicode_MS 0x00029f28   Data          12  arial_unicode_ms__48px__regular__systemdefault_1bpp.o(.constdata)
    Arial_Unicode_MS__48px__Regular__SystemDefault_1BPP_FontElement_lc_t_Data 0x00029f34   Data          94  arial_unicode_ms__48px__regular__systemdefault_1bpp.o(.constdata)
    px__Regular__SystemDefault_1BPP_FontElement_lc_t::Arial_Unicode_MS 0x00029f94   Data          12  arial_unicode_ms__48px__regular__systemdefault_1bpp.o(.constdata)
    Arial_Unicode_MS__48px__Regular__SystemDefault_1BPP_FontElement_lc_u_Data 0x00029fa0   Data         141  arial_unicode_ms__48px__regular__systemdefault_1bpp.o(.constdata)
    px__Regular__SystemDefault_1BPP_FontElement_lc_u::Arial_Unicode_MS 0x0002a030   Data          12  arial_unicode_ms__48px__regular__systemdefault_1bpp.o(.constdata)
    Arial_Unicode_MS__48px__Regular__SystemDefault_1BPP_FontElement_lc_v_Data 0x0002a03c   Data         141  arial_unicode_ms__48px__regular__systemdefault_1bpp.o(.constdata)
    px__Regular__SystemDefault_1BPP_FontElement_lc_v::Arial_Unicode_MS 0x0002a0cc   Data          12  arial_unicode_ms__48px__regular__systemdefault_1bpp.o(.constdata)
    Arial_Unicode_MS__48px__Regular__SystemDefault_1BPP_FontElement_lc_w_Data 0x0002a0d8   Data         235  arial_unicode_ms__48px__regular__systemdefault_1bpp.o(.constdata)
    px__Regular__SystemDefault_1BPP_FontElement_lc_w::Arial_Unicode_MS 0x0002a1c4   Data          12  arial_unicode_ms__48px__regular__systemdefault_1bpp.o(.constdata)
    Arial_Unicode_MS__48px__Regular__SystemDefault_1BPP_FontElement_lc_x_Data 0x0002a1d0   Data         141  arial_unicode_ms__48px__regular__systemdefault_1bpp.o(.constdata)
    px__Regular__SystemDefault_1BPP_FontElement_lc_x::Arial_Unicode_MS 0x0002a260   Data          12  arial_unicode_ms__48px__regular__systemdefault_1bpp.o(.constdata)
    Arial_Unicode_MS__48px__Regular__SystemDefault_1BPP_FontElement_lc_y_Data 0x0002a26c   Data         141  arial_unicode_ms__48px__regular__systemdefault_1bpp.o(.constdata)
    px__Regular__SystemDefault_1BPP_FontElement_lc_y::Arial_Unicode_MS 0x0002a2fc   Data          12  arial_unicode_ms__48px__regular__systemdefault_1bpp.o(.constdata)
    Arial_Unicode_MS__48px__Regular__SystemDefault_1BPP_FontElement_lc_z_Data 0x0002a308   Data         141  arial_unicode_ms__48px__regular__systemdefault_1bpp.o(.constdata)
    px__Regular__SystemDefault_1BPP_FontElement_lc_z::Arial_Unicode_MS 0x0002a398   Data          12  arial_unicode_ms__48px__regular__systemdefault_1bpp.o(.constdata)
    Arial_Unicode_MS__48px__Regular__SystemDefault_1BPP_FontElement_left_curly_brace_Data 0x0002a3a4   Data          94  arial_unicode_ms__48px__regular__systemdefault_1bpp.o(.constdata)
    Arial_Unicode_MS__48px__Regular__SystemDefault_1BPP_FontElement_left_curly_brace 0x0002a404   Data          12  arial_unicode_ms__48px__regular__systemdefault_1bpp.o(.constdata)
    Arial_Unicode_MS__48px__Regular__SystemDefault_1BPP_FontElement_vertical_bar_Data 0x0002a410   Data          47  arial_unicode_ms__48px__regular__systemdefault_1bpp.o(.constdata)
    Arial_Unicode_MS__48px__Regular__SystemDefault_1BPP_FontElement_vertical_bar 0x0002a440   Data          12  arial_unicode_ms__48px__regular__systemdefault_1bpp.o(.constdata)
    Arial_Unicode_MS__48px__Regular__SystemDefault_1BPP_FontElement_right_curly_brace_Data 0x0002a44c   Data          94  arial_unicode_ms__48px__regular__systemdefault_1bpp.o(.constdata)
    Arial_Unicode_MS__48px__Regular__SystemDefault_1BPP_FontElement_right_curly_brace 0x0002a4ac   Data          12  arial_unicode_ms__48px__regular__systemdefault_1bpp.o(.constdata)
    Arial_Unicode_MS__48px__Regular__SystemDefault_1BPP_FontElement_tilde_Data 0x0002a4b8   Data         188  arial_unicode_ms__48px__regular__systemdefault_1bpp.o(.constdata)
    Arial_Unicode_MS__48px__Regular__SystemDefault_1BPP_FontElement_tilde 0x0002a574   Data          12  arial_unicode_ms__48px__regular__systemdefault_1bpp.o(.constdata)
    Arial_Unicode_MS__48px__Regular__SystemDefault_1BPP_FontElement_delete_Data 0x0002a580   Data          94  arial_unicode_ms__48px__regular__systemdefault_1bpp.o(.constdata)
    Arial_Unicode_MS__48px__Regular__SystemDefault_1BPP_FontElement_delete 0x0002a5e0   Data          12  arial_unicode_ms__48px__regular__systemdefault_1bpp.o(.constdata)
    Arial_Unicode_MS__48px__Regular__SystemDefault_1BPP 0x0002a5ec   Data         400  arial_unicode_ms__48px__regular__systemdefault_1bpp.o(.constdata)
    Region$$Table$$Base                      0x0002a798   Number         0  anon$$obj.o(Region$$Table)
    Region$$Table$$Limit                     0x0002a7b8   Number         0  anon$$obj.o(Region$$Table)
    Image$$RW_m_data$$Base                   0x20000000   Number         0  anon$$obj.o ABSOLUTE
    SystemCoreClock                          0x20000000   Data           4  system_lpc54608.o(.data)
    NextSampleOut                            0x2000006c   Data           4  main.o(.data)
    BackgroundRightBufferIdx                 0x20000070   Data           4  main.o(.data)
    NextRightBufferReady                     0x20000074   Data           4  main.o(.data)
    eBuffer                                  0x20000078   Data           4  main.o(.data)
    BackgroundeBuffer                        0x2000007c   Data           4  main.o(.data)
    NexteBufferReady                         0x20000080   Data           4  main.o(.data)
    SampleMax                                0x20000084   Data           4  main.o(.data)
    Threshold                                0x20000088   Data           4  main.o(.data)
    threshold                                0x2000008c   Data           4  main.o(.data)
    ThresholdCounter                         0x20000090   Data           4  main.o(.data)
    SampleDataBuffer                         0x20000094   Data           4  main.o(.data)
    SampleInCounter                          0x20000098   Data           4  main.o(.data)
    SampleDataBufferD                        0x2000009c   Data           4  main.o(.data)
    DisplayScale                             0x200000a0   Data           4  main.o(.data)
    InputDataBufferLP1                       0x200000a4   Data           4  main.o(.data)
    OutputDataBufferLP1                      0x200000a8   Data           4  main.o(.data)
    InputDataBufferLP2                       0x200000ac   Data           4  main.o(.data)
    OutputDataBufferLP2                      0x200000b0   Data           4  main.o(.data)
    InputDataBufferLP3                       0x200000b4   Data           4  main.o(.data)
    OutputDataBufferLP3                      0x200000b8   Data           4  main.o(.data)
    InputDataBufferLP4                       0x200000bc   Data           4  main.o(.data)
    OutputDataBufferLP4                      0x200000c0   Data           4  main.o(.data)
    InputDataBufferC1                        0x200000c4   Data           4  main.o(.data)
    OutputDataBufferC1                       0x200000c8   Data           4  main.o(.data)
    InputDataBufferC2                        0x200000cc   Data           4  main.o(.data)
    OutputDataBufferC2                       0x200000d0   Data           4  main.o(.data)
    HRDataBuffer                             0x200000d4   Data           4  main.o(.data)
    waitwidth                                0x200000d8   Data           4  main.o(.data)
    waitwidthcounter                         0x200000dc   Data           4  main.o(.data)
    samplecounter                            0x200000e0   Data           4  main.o(.data)
    sample1                                  0x200000e4   Data           4  main.o(.data)
    sample2                                  0x200000e8   Data           4  main.o(.data)
    time                                     0x200000ec   Data           4  main.o(.data)
    heartrate                                0x200000f0   Data           4  main.o(.data)
    flag                                     0x200000f4   Data           1  main.o(.data)
    waitsamples                              0x200000f8   Data           4  main.o(.data)
    s_dma_descriptor_table                   0x20000400   Data         480  fsl_dma.o(.bss)
    eBuffer1                                 0x20000678   Data        1920  main.o(.bss)
    eBuffer2                                 0x20000df8   Data        1920  main.o(.bss)
    SampleBuffer                             0x20001578   Data       17280  main.o(.bss)
    SampleBufferD                            0x200058f8   Data       17280  main.o(.bss)
    InputBufferLP1                           0x20009c78   Data          44  main.o(.bss)
    OutputBufferLP1                          0x20009ca4   Data          44  main.o(.bss)
    InputBufferLP2                           0x20009cd0   Data          44  main.o(.bss)
    OutputBufferLP2                          0x20009cfc   Data          44  main.o(.bss)
    InputBufferLP3                           0x20009d28   Data          44  main.o(.bss)
    OutputBufferLP3                          0x20009d54   Data          44  main.o(.bss)
    InputBufferLP4                           0x20009d80   Data          44  main.o(.bss)
    OutputBufferLP4                          0x20009dac   Data          44  main.o(.bss)
    InputBufferC1                            0x20009dd8   Data          44  main.o(.bss)
    OutputBufferC1                           0x20009e04   Data          44  main.o(.bss)
    InputBufferC2                            0x20009e30   Data          44  main.o(.bss)
    OutputBufferC2                           0x20009e5c   Data          44  main.o(.bss)
    HRBuffer                                 0x20009e88   Data          44  main.o(.bss)
    eGFX_Animators                           0x20009ef4   Data         128  egfx.o(.bss)
    eGFX_Objects                             0x20009f74   Data         256  egfx.o(.bss)
    eGFX_BackBuffer                          0x2000a074   Data          12  egfx_driver_lpcxpresso_54608.o(.bss)
    Image$$ARM_LIB_STACK$$ZI$$Limit          0x20028000   Number         0  anon$$obj.o ABSOLUTE



==============================================================================

Memory Map of the image

  Image Entry point : 0x00000401

  Load Region LR_m_text (Base: 0x00000000, Size: 0x0002a8b8, Max: 0x00080000, ABSOLUTE)

    Execution Region VECTOR_ROM (Base: 0x00000000, Size: 0x00000124, Max: 0x00000400, ABSOLUTE)

    Base Addr    Size         Type   Attr      Idx    E Section Name        Object

    0x00000000   0x00000124   Data   RO            4    RESET               startup_lpc54608.o


    Execution Region VECTOR_RAM (Base: 0x00000000, Size: 0x00000000, Max: 0x00000000, ABSOLUTE)

    Base Addr    Size         Type   Attr      Idx    E Section Name        Object

    0x00000000   0x00000000   Zero   RW            1    VECTOR_RAM.bss      anon$$obj.o


    Execution Region ER_m_text (Base: 0x00000400, Size: 0x0002a3b8, Max: 0x0007fc00, ABSOLUTE, FIXED)

    Base Addr    Size         Type   Attr      Idx    E Section Name        Object

    0x00000400   0x00000000   Code   RO         5962  * .ARM.Collect$$$$00000000  mc_w.l(entry.o)
    0x00000400   0x00000004   Code   RO         6017    .ARM.Collect$$$$00000003  mc_w.l(entry4.o)
    0x00000404   0x00000004   Code   RO         6020    .ARM.Collect$$$$00000004  mc_w.l(entry5.o)
    0x00000408   0x00000000   Code   RO         6022    .ARM.Collect$$$$00000008  mc_w.l(entry7b.o)
    0x00000408   0x00000000   Code   RO         6024    .ARM.Collect$$$$0000000A  mc_w.l(entry8b.o)
    0x00000408   0x00000008   Code   RO         6025    .ARM.Collect$$$$0000000B  mc_w.l(entry9a.o)
    0x00000410   0x00000000   Code   RO         6027    .ARM.Collect$$$$0000000D  mc_w.l(entry10a.o)
    0x00000410   0x00000000   Code   RO         6029    .ARM.Collect$$$$0000000F  mc_w.l(entry11a.o)
    0x00000410   0x00000004   Code   RO         6018    .ARM.Collect$$$$00002714  mc_w.l(entry4.o)
    0x00000414   0x000001ec   Code   RO            5    .text               startup_lpc54608.o
    0x00000600   0x00000062   Code   RO         5965    .text               mc_w.l(uldiv.o)
    0x00000662   0x00000024   Code   RO         5967    .text               mc_w.l(memcpya.o)
    0x00000686   0x0000000e   Code   RO         5971    .text               mc_w.l(strlen.o)
    0x00000694   0x0000014e   Code   RO         6003    .text               mf_w.l(dadd.o)
    0x000007e2   0x000000e4   Code   RO         6005    .text               mf_w.l(dmul.o)
    0x000008c6   0x0000003e   Code   RO         6007    .text               mf_w.l(dfixi.o)
    0x00000904   0x00000026   Code   RO         6009    .text               mf_w.l(f2d.o)
    0x0000092a   0x00000002   PAD
    0x0000092c   0x00000030   Code   RO         6013    .text               mf_w.l(cdrcmple.o)
    0x0000095c   0x00000038   Code   RO         6015    .text               mf_w.l(d2f.o)
    0x00000994   0x0000002c   Code   RO         6031    .text               mc_w.l(uidiv.o)
    0x000009c0   0x0000001e   Code   RO         6033    .text               mc_w.l(llshl.o)
    0x000009de   0x00000020   Code   RO         6035    .text               mc_w.l(llushr.o)
    0x000009fe   0x00000024   Code   RO         6037    .text               mc_w.l(llsshr.o)
    0x00000a22   0x00000000   Code   RO         6039    .text               mc_w.l(iusefp.o)
    0x00000a22   0x0000006e   Code   RO         6040    .text               mf_w.l(fepilogue.o)
    0x00000a90   0x000000ba   Code   RO         6042    .text               mf_w.l(depilogue.o)
    0x00000b4a   0x000000de   Code   RO         6044    .text               mf_w.l(ddiv.o)
    0x00000c28   0x00000030   Code   RO         6046    .text               mf_w.l(dfixul.o)
    0x00000c58   0x00000024   Code   RO         6048    .text               mc_w.l(init.o)
    0x00000c7c   0x000000c0   Code   RO         5612    i.APP_LCDC_Init     egfx_driver_lpcxpresso_54608.o
    0x00000d3c   0x00000040   Code   RO         4886    i.BOARD_BootClockRUN  clock_config.o
    0x00000d7c   0x0000006c   Code   RO         4835    i.BOARD_InitDebugConsole  board.o
    0x00000de8   0x0000005c   Code   RO         5613    i.BOARD_InitPWM     egfx_driver_lpcxpresso_54608.o
    0x00000e44   0x00000638   Code   RO         4929    i.BOARD_InitPins    pin_mux.o
    0x0000147c   0x0000009c   Code   RO         4836    i.BOARD_InitSDRAM   board.o
    0x00001518   0x00000058   Code   RO         2923    i.CAN0_IRQ0_DriverIRQHandler  fsl_mcan.o
    0x00001570   0x00000058   Code   RO         2924    i.CAN0_IRQ1_DriverIRQHandler  fsl_mcan.o
    0x000015c8   0x00000058   Code   RO         2925    i.CAN1_IRQ0_DriverIRQHandler  fsl_mcan.o
    0x00001620   0x00000058   Code   RO         2926    i.CAN1_IRQ1_DriverIRQHandler  fsl_mcan.o
    0x00001678   0x0000004c   Code   RO          420    i.CLOCK_AttachClk   fsl_clock.o
    0x000016c4   0x00000028   Code   RO         2798    i.CLOCK_EnableClock  fsl_lcdc.o
    0x000016ec   0x00000028   Code   RO         4652    i.CLOCK_EnableClock  main.o
    0x00001714   0x00000028   Code   RO         4930    i.CLOCK_EnableClock  pin_mux.o
    0x0000173c   0x00000038   Code   RO          427    i.CLOCK_Enable_SysOsc  fsl_clock.o
    0x00001774   0x0000004c   Code   RO          428    i.CLOCK_GetAdcClkFreq  fsl_clock.o
    0x000017c0   0x00000030   Code   RO          429    i.CLOCK_GetAsyncApbClkFreq  fsl_clock.o
    0x000017f0   0x00000034   Code   RO          430    i.CLOCK_GetAudioPLLInClockRate  fsl_clock.o
    0x00001824   0x0000005a   Code   RO          432    i.CLOCK_GetAudioPLLOutFromSetup  fsl_clock.o
    0x0000187e   0x00000002   PAD
    0x00001880   0x00000014   Code   RO          433    i.CLOCK_GetAudioPLLOutFromSetupUpdate  fsl_clock.o
    0x00001894   0x0000000c   Code   RO          434    i.CLOCK_GetAudioPllOutFreq  fsl_clock.o
    0x000018a0   0x00000078   Code   RO          435    i.CLOCK_GetClockOutClkFreq  fsl_clock.o
    0x00001918   0x0000007c   Code   RO          436    i.CLOCK_GetCoreSysClkFreq  fsl_clock.o
    0x00001994   0x00000008   Code   RO          437    i.CLOCK_GetExtClkFreq  fsl_clock.o
    0x0000199c   0x0000005c   Code   RO          439    i.CLOCK_GetFlexCommClkFreq  fsl_clock.o
    0x000019f8   0x000002c8   Code   RO          440    i.CLOCK_GetFreq     fsl_clock.o
    0x00001cc0   0x0000001c   Code   RO          441    i.CLOCK_GetFro12MFreq  fsl_clock.o
    0x00001cdc   0x00000040   Code   RO          442    i.CLOCK_GetFroHfFreq  fsl_clock.o
    0x00001d1c   0x00000004   Code   RO          443    i.CLOCK_GetI2SMClkFreq  fsl_clock.o
    0x00001d20   0x00000040   Code   RO          444    i.CLOCK_GetLcdClkFreq  fsl_clock.o
    0x00001d60   0x00000004   Code   RO          445    i.CLOCK_GetLcdClkIn  fsl_clock.o
    0x00001d64   0x00000040   Code   RO          446    i.CLOCK_GetMclkClkFreq  fsl_clock.o
    0x00001da4   0x00000006   Code   RO          447    i.CLOCK_GetOsc32KFreq  fsl_clock.o
    0x00001daa   0x00000002   PAD
    0x00001dac   0x00000138   Code   RO          448    i.CLOCK_GetPllConfig  fsl_clock.o
    0x00001ee4   0x0000000c   Code   RO          449    i.CLOCK_GetPllOutFreq  fsl_clock.o
    0x00001ef0   0x0000004c   Code   RO          450    i.CLOCK_GetSctClkFreq  fsl_clock.o
    0x00001f3c   0x0000005c   Code   RO          451    i.CLOCK_GetSdioClkFreq  fsl_clock.o
    0x00001f98   0x0000005c   Code   RO          452    i.CLOCK_GetSpifiClkFreq  fsl_clock.o
    0x00001ff4   0x00000040   Code   RO          457    i.CLOCK_GetUsb0ClkFreq  fsl_clock.o
    0x00002034   0x00000040   Code   RO          458    i.CLOCK_GetUsb1ClkFreq  fsl_clock.o
    0x00002074   0x0000000c   Code   RO          462    i.CLOCK_GetUsbPllOutFreq  fsl_clock.o
    0x00002080   0x00000040   Code   RO          463    i.CLOCK_GetWdtOscFreq  fsl_clock.o
    0x000020c0   0x00000028   Code   RO          464    i.CLOCK_SetClkDiv   fsl_clock.o
    0x000020e8   0x00000018   Code   RO          465    i.CLOCK_SetFLASHAccessCycles  fsl_clock.o
    0x00002100   0x0000009c   Code   RO          466    i.CLOCK_SetFLASHAccessCyclesForFreq  fsl_clock.o
    0x0000219c   0x00000032   Code   RO          473    i.CLOCK_SetupAudioPLLData  fsl_clock.o
    0x000021ce   0x00000002   PAD
    0x000021d0   0x000000e0   Code   RO          474    i.CLOCK_SetupAudioPLLPrec  fsl_clock.o
    0x000022b0   0x0000009c   Code   RO          475    i.CLOCK_SetupFROClocking  fsl_clock.o
    0x0000234c   0x0000000a   Code   RO          970    i.CTIMER0_DriverIRQHandler  fsl_ctimer.o
    0x00002356   0x0000000a   Code   RO          971    i.CTIMER1_DriverIRQHandler  fsl_ctimer.o
    0x00002360   0x0000000a   Code   RO          972    i.CTIMER2_DriverIRQHandler  fsl_ctimer.o
    0x0000236a   0x0000000a   Code   RO          973    i.CTIMER3_DriverIRQHandler  fsl_ctimer.o
    0x00002374   0x0000000a   Code   RO          974    i.CTIMER4_DriverIRQHandler  fsl_ctimer.o
    0x0000237e   0x00000004   Code   RO          975    i.CTIMER_ClearStatusFlags  fsl_ctimer.o
    0x00002382   0x00000002   PAD
    0x00002384   0x0000007c   Code   RO          977    i.CTIMER_GenericIRQHandler  fsl_ctimer.o
    0x00002400   0x000000ac   Code   RO         1097    i.DMA0_DriverIRQHandler  fsl_dma.o
    0x000024ac   0x00000014   Code   RO         1217    i.DMIC0_DriverIRQHandler  fsl_dmic.o
    0x000024c0   0x0000017c   Code   RO         4653    i.DataInitBuffer    main.o
    0x0000263c   0x000000a8   Code   RO          116    i.DbgConsole_ConvertRadixNumToString  fsl_debug_console.o
    0x000026e4   0x00000058   Code   RO          119    i.DbgConsole_Init   fsl_debug_console.o
    0x0000273c   0x00000034   Code   RO          120    i.DbgConsole_Printf  fsl_debug_console.o
    0x00002770   0x0000023a   Code   RO          121    i.DbgConsole_PrintfFormattedData  fsl_debug_console.o
    0x000029aa   0x00000028   Code   RO          122    i.DbgConsole_PrintfPaddingCharacter  fsl_debug_console.o
    0x000029d2   0x00000002   PAD
    0x000029d4   0x00000024   Code   RO          123    i.DbgConsole_Putchar  fsl_debug_console.o
    0x000029f8   0x0000003c   Code   RO         1482    i.EMC_CalculateTimerCycles  fsl_emc.o
    0x00002a34   0x000002a8   Code   RO         1484    i.EMC_DynamicMemInit  fsl_emc.o
    0x00002cdc   0x00000074   Code   RO         1485    i.EMC_GetInstance   fsl_emc.o
    0x00002d50   0x0000007c   Code   RO         1486    i.EMC_Init          fsl_emc.o
    0x00002dcc   0x0000005a   Code   RO         1488    i.EMC_ModeOffset    fsl_emc.o
    0x00002e26   0x00000002   PAD
    0x00002e28   0x0000001c   Code   RO         1581    i.ETHERNET_DriverIRQHandler  fsl_enet.o
    0x00002e44   0x00000064   Code   RO         1830    i.FLEXCOMM0_DriverIRQHandler  fsl_flexcomm.o
    0x00002ea8   0x00000064   Code   RO         1831    i.FLEXCOMM1_DriverIRQHandler  fsl_flexcomm.o
    0x00002f0c   0x00000064   Code   RO         1832    i.FLEXCOMM2_DriverIRQHandler  fsl_flexcomm.o
    0x00002f70   0x00000064   Code   RO         1833    i.FLEXCOMM3_DriverIRQHandler  fsl_flexcomm.o
    0x00002fd4   0x00000064   Code   RO         1834    i.FLEXCOMM4_DriverIRQHandler  fsl_flexcomm.o
    0x00003038   0x00000064   Code   RO         1835    i.FLEXCOMM5_DriverIRQHandler  fsl_flexcomm.o
    0x0000309c   0x00000028   Code   RO         4655    i.FLEXCOMM6_DriverIRQHandler  main.o
    0x000030c4   0x000008f8   Code   RO         4656    i.FLEXCOMM7_DriverIRQHandler  main.o
    0x000039bc   0x00000064   Code   RO         1836    i.FLEXCOMM8_DriverIRQHandler  fsl_flexcomm.o
    0x00003a20   0x00000064   Code   RO         1837    i.FLEXCOMM9_DriverIRQHandler  fsl_flexcomm.o
    0x00003a84   0x00000050   Code   RO         1838    i.FLEXCOMM_GetInstance  fsl_flexcomm.o
    0x00003ad4   0x00000054   Code   RO         1839    i.FLEXCOMM_Init     fsl_flexcomm.o
    0x00003b28   0x0000003a   Code   RO         1840    i.FLEXCOMM_PeripheralIsPresent  fsl_flexcomm.o
    0x00003b62   0x00000044   Code   RO         1842    i.FLEXCOMM_SetPeriph  fsl_flexcomm.o
    0x00003ba6   0x00000014   Code   RO          479    i.FindGreatestCommonDivisor  fsl_clock.o
    0x00003bba   0x00000002   PAD
    0x00003bbc   0x00000028   Code   RO         2004    i.GINT0_DriverIRQHandler  fsl_gint.o
    0x00003be4   0x00000028   Code   RO         2005    i.GINT1_DriverIRQHandler  fsl_gint.o
    0x00003c0c   0x00000014   Code   RO         1234    i.HWVAD0_IRQHandler  fsl_dmic.o
    0x00003c20   0x0000000a   Code   RO         2138    i.I2C_MasterClearStatusFlags  fsl_i2c.o
    0x00003c2a   0x00000022   Code   RO         2140    i.I2C_MasterEnable  fsl_i2c.o
    0x00003c4c   0x00000014   Code   RO         2141    i.I2C_MasterGetDefaultConfig  fsl_i2c.o
    0x00003c60   0x00000024   Code   RO         2142    i.I2C_MasterInit    fsl_i2c.o
    0x00003c84   0x000000d8   Code   RO         2143    i.I2C_MasterReadBlocking  fsl_i2c.o
    0x00003d5c   0x00000014   Code   RO         2144    i.I2C_MasterRepeatedStart  fsl_i2c.o
    0x00003d70   0x00000088   Code   RO         2145    i.I2C_MasterSetBaudRate  fsl_i2c.o
    0x00003df8   0x00000022   Code   RO         2146    i.I2C_MasterStart   fsl_i2c.o
    0x00003e1a   0x00000014   Code   RO         2147    i.I2C_MasterStop    fsl_i2c.o
    0x00003e2e   0x00000002   PAD
    0x00003e30   0x000000fc   Code   RO         2149    i.I2C_MasterTransferBlocking  fsl_i2c.o
    0x00003f2c   0x000000ec   Code   RO         2154    i.I2C_MasterWriteBlocking  fsl_i2c.o
    0x00004018   0x00000022   Code   RO         2155    i.I2C_PendingStatusWait  fsl_i2c.o
    0x0000403a   0x00000002   PAD
    0x0000403c   0x000000cc   Code   RO         2507    i.I2S_Config        fsl_i2s.o
    0x00004108   0x0000000e   Code   RO         5867    i.I2S_Enable        audio.o
    0x00004116   0x00000006   Code   RO         5868    i.I2S_EnableInterrupts  audio.o
    0x0000411c   0x00000030   Code   RO         2514    i.I2S_RxGetDefaultConfig  fsl_i2s.o
    0x0000414c   0x0000004a   Code   RO         2516    i.I2S_RxInit        fsl_i2s.o
    0x00004196   0x00000034   Code   RO         2523    i.I2S_TxGetDefaultConfig  fsl_i2s.o
    0x000041ca   0x00000054   Code   RO         2525    i.I2S_TxInit        fsl_i2s.o
    0x0000421e   0x0000000c   Code   RO         4931    i.IOCON_PinMuxSet   pin_mux.o
    0x0000422a   0x00000002   PAD
    0x0000422c   0x00000168   Code   RO         5869    i.InitAudio_CODEC   audio.o
    0x00004394   0x0000004c   Code   RO         4657    i.InitBuffers       main.o
    0x000043e0   0x00000016   Code   RO         2799    i.LCDC_ClearInterruptsStatus  fsl_lcdc.o
    0x000043f6   0x00000020   Code   RO         2803    i.LCDC_EnableInterrupts  fsl_lcdc.o
    0x00004416   0x00000002   PAD
    0x00004418   0x000000f4   Code   RO         2804    i.LCDC_GetClockDivider  fsl_lcdc.o
    0x0000450c   0x00000034   Code   RO         2805    i.LCDC_GetDefaultConfig  fsl_lcdc.o
    0x00004540   0x0000000c   Code   RO         2806    i.LCDC_GetEnabledInterruptsPendingStatus  fsl_lcdc.o
    0x0000454c   0x00000070   Code   RO         2807    i.LCDC_GetInstance  fsl_lcdc.o
    0x000045bc   0x0000020c   Code   RO         2809    i.LCDC_Init         fsl_lcdc.o
    0x000047c8   0x00000038   Code   RO         5614    i.LCD_IRQHandler    egfx_driver_lpcxpresso_54608.o
    0x00004800   0x00000016   Code   RO         5870    i.NVIC_EnableIRQ    audio.o
    0x00004816   0x00000002   PAD
    0x00004818   0x00000028   Code   RO         5871    i.NVIC_SetPriority  audio.o
    0x00004840   0x00000014   Code   RO         3268    i.PINT_PatternMatchResetDetectLogic  fsl_pint.o
    0x00004854   0x00000008   Code   RO         3269    i.PINT_PinInterruptClrStatus  fsl_pint.o
    0x0000485c   0x0000002c   Code   RO         3272    i.PIN_INT0_DriverIRQHandler  fsl_pint.o
    0x00004888   0x0000002c   Code   RO         3273    i.PIN_INT1_DriverIRQHandler  fsl_pint.o
    0x000048b4   0x0000002c   Code   RO         3274    i.PIN_INT2_DriverIRQHandler  fsl_pint.o
    0x000048e0   0x0000002c   Code   RO         3275    i.PIN_INT3_DriverIRQHandler  fsl_pint.o
    0x0000490c   0x0000002c   Code   RO         3276    i.PIN_INT4_DriverIRQHandler  fsl_pint.o
    0x00004938   0x0000002c   Code   RO         3277    i.PIN_INT5_DriverIRQHandler  fsl_pint.o
    0x00004964   0x0000002c   Code   RO         3278    i.PIN_INT6_DriverIRQHandler  fsl_pint.o
    0x00004990   0x0000002c   Code   RO         3279    i.PIN_INT7_DriverIRQHandler  fsl_pint.o
    0x000049bc   0x00000014   Code   RO          480    i.POWER_DisablePD   fsl_clock.o
    0x000049d0   0x00000014   Code   RO         4888    i.POWER_DisablePD   clock_config.o
    0x000049e4   0x00000014   Code   RO          481    i.POWER_EnablePD    fsl_clock.o
    0x000049f8   0x00000020   Code   RO         5935    i.POWER_SetPLL      keil_lib_power.lib(fsl_power_lib.o)
    0x00004a18   0x00000074   Code   RO         5937    i.POWER_SetVoltageForFreq  keil_lib_power.lib(fsl_power_lib.o)
    0x00004a8c   0x00000014   Code   RO         5939    i.POWER_setVdLevel  keil_lib_power.lib(fsl_power_lib.o)
    0x00004aa0   0x00000080   Code   RO         3418    i.RESET_ClearPeripheralReset  fsl_reset.o
    0x00004b20   0x00000012   Code   RO         3419    i.RESET_PeripheralReset  fsl_reset.o
    0x00004b32   0x00000002   PAD
    0x00004b34   0x00000080   Code   RO         3420    i.RESET_SetPeripheralReset  fsl_reset.o
    0x00004bb4   0x00000014   Code   RO         3597    i.SCT0_IRQHandler   fsl_sctimer.o
    0x00004bc8   0x000001d8   Code   RO         3598    i.SCTIMER_CreateAndScheduleEvent  fsl_sctimer.o
    0x00004da0   0x00000050   Code   RO         3600    i.SCTIMER_EventHandleIRQ  fsl_sctimer.o
    0x00004df0   0x0000004c   Code   RO         3602    i.SCTIMER_GetDefaultConfig  fsl_sctimer.o
    0x00004e3c   0x00000070   Code   RO         3603    i.SCTIMER_GetInstance  fsl_sctimer.o
    0x00004eac   0x0000012c   Code   RO         3605    i.SCTIMER_Init      fsl_sctimer.o
    0x00004fd8   0x0000001e   Code   RO         3609    i.SCTIMER_SetupOutputClearAction  fsl_sctimer.o
    0x00004ff6   0x0000001a   Code   RO         3610    i.SCTIMER_SetupOutputSetAction  fsl_sctimer.o
    0x00005010   0x000001f4   Code   RO         3612    i.SCTIMER_SetupPwm  fsl_sctimer.o
    0x00005204   0x00000058   Code   RO         3753    i.SDIO_DriverIRQHandler  fsl_sdif.o
    0x0000525c   0x0000004c   Code   RO         4658    i.SampleInBuffer    main.o
    0x000052a8   0x00000028   Code   RO           15    i.SystemInit        system_lpc54608.o
    0x000052d0   0x00000058   Code   RO         4298    i.USART_GetDefaultConfig  fsl_usart.o
    0x00005328   0x00000138   Code   RO         4300    i.USART_Init        fsl_usart.o
    0x00005460   0x000000f8   Code   RO         4301    i.USART_ReadBlocking  fsl_usart.o
    0x00005558   0x000000f0   Code   RO         4302    i.USART_SetBaudRate  fsl_usart.o
    0x00005648   0x00000098   Code   RO         4315    i.USART_WriteBlocking  fsl_usart.o
    0x000056e0   0x0000001c   Code   RO         4517    i.UTICK0_DriverIRQHandler  fsl_utick.o
    0x000056fc   0x0000001a   Code   RO         5771    i.WM8904_GetDefaultConfig  fsl_wm8904.o
    0x00005716   0x00000224   Code   RO         5772    i.WM8904_Init       fsl_wm8904.o
    0x0000593a   0x0000003e   Code   RO         5773    i.WM8904_ModifyRegister  fsl_wm8904.o
    0x00005978   0x0000004c   Code   RO         5775    i.WM8904_ReadRegister  fsl_wm8904.o
    0x000059c4   0x0000005e   Code   RO         5776    i.WM8904_SetAudioFormat  fsl_wm8904.o
    0x00005a22   0x0000000c   Code   RO         5777    i.WM8904_SetMasterSlave  fsl_wm8904.o
    0x00005a2e   0x00000014   Code   RO         5779    i.WM8904_SetProtocol  fsl_wm8904.o
    0x00005a42   0x0000003a   Code   RO         5780    i.WM8904_SetVolume  fsl_wm8904.o
    0x00005a7c   0x00000024   Code   RO         5781    i.WM8904_WaitOnWriteSequencer  fsl_wm8904.o
    0x00005aa0   0x0000004c   Code   RO         5782    i.WM8904_WriteRegister  fsl_wm8904.o
    0x00005aec   0x0000002c   Code   RO         5981    i.__0vsnprintf      mc_w.l(printfa.o)
    0x00005b18   0x00000044   Code   RO          862    i.__aeabi_assert    fsl_common.o
    0x00005b5c   0x0000000e   Code   RO         6052    i.__scatterload_copy  mc_w.l(handlers.o)
    0x00005b6a   0x00000002   Code   RO         6053    i.__scatterload_null  mc_w.l(handlers.o)
    0x00005b6c   0x0000000e   Code   RO         6054    i.__scatterload_zeroinit  mc_w.l(handlers.o)
    0x00005b7a   0x00000002   PAD
    0x00005b7c   0x00000184   Code   RO         5983    i._fp_digits        mc_w.l(printfa.o)
    0x00005d00   0x000006dc   Code   RO         5984    i._printf_core      mc_w.l(printfa.o)
    0x000063dc   0x00000024   Code   RO         5985    i._printf_post_padding  mc_w.l(printfa.o)
    0x00006400   0x0000002e   Code   RO         5986    i._printf_pre_padding  mc_w.l(printfa.o)
    0x0000642e   0x00000016   Code   RO         5987    i._snputc           mc_w.l(printfa.o)
    0x00006444   0x00000014   Code   RO         4985    i.eGFX_BitStreamGet  egfx.o
    0x00006458   0x00000024   Code   RO         4986    i.eGFX_BitStreamPut  egfx.o
    0x0000647c   0x0000004a   Code   RO         4987    i.eGFX_Blit         egfx.o
    0x000064c6   0x0000004e   Code   RO         4988    i.eGFX_BlitColored  egfx.o
    0x00006514   0x0000004c   Code   RO         4997    i.eGFX_DrawCharacterColored  egfx.o
    0x00006560   0x00000126   Code   RO         5006    i.eGFX_DrawLine     egfx.o
    0x00006686   0x0000004c   Code   RO         5021    i.eGFX_DrawStringColored  egfx.o
    0x000066d2   0x00000002   PAD
    0x000066d4   0x00000040   Code   RO         5615    i.eGFX_Dump         egfx_driver_lpcxpresso_54608.o
    0x00006714   0x0000014e   Code   RO         5036    i.eGFX_GetPixel     egfx.o
    0x00006862   0x00000042   Code   RO         5037    i.eGFX_GetStringWidth  egfx.o
    0x000068a4   0x0000000e   Code   RO         5039    i.eGFX_ImagePlaneInit  egfx.o
    0x000068b2   0x000000ce   Code   RO         5040    i.eGFX_ImagePlane_Clear  egfx.o
    0x00006980   0x0000003c   Code   RO         5616    i.eGFX_InitDriver   egfx_driver_lpcxpresso_54608.o
    0x000069bc   0x0000015e   Code   RO         5060    i.eGFX_PutPixel     egfx.o
    0x00006b1a   0x00000002   PAD
    0x00006b1c   0x00000010   Code   RO         5617    i.eGFX_WaitForVSync  egfx_driver_lpcxpresso_54608.o
    0x00006b2c   0x0000005c   Code   RO         5071    i.eGFX_printf_HorizontalCentered_Colored  egfx.o
    0x00006b88   0x0000001a   Code   RO          482    i.findPllMMult      fsl_clock.o
    0x00006ba2   0x00000020   Code   RO          483    i.findPllPostDiv    fsl_clock.o
    0x00006bc2   0x00000020   Code   RO          484    i.findPllPreDiv     fsl_clock.o
    0x00006be2   0x00000002   PAD
    0x00006be4   0x000001f0   Code   RO         4659    i.main              main.o
    0x00006dd4   0x0000006c   Code   RO         4660    i.medsort           main.o
    0x00006e40   0x0000005c   Code   RO          485    i.pllDecodeM        fsl_clock.o
    0x00006e9c   0x0000005c   Code   RO          486    i.pllDecodeN        fsl_clock.o
    0x00006ef8   0x0000004e   Code   RO          487    i.pllDecodeP        fsl_clock.o
    0x00006f46   0x00000002   PAD
    0x00006f48   0x00000054   Code   RO          488    i.pllEncodeM        fsl_clock.o
    0x00006f9c   0x00000052   Code   RO          489    i.pllEncodeN        fsl_clock.o
    0x00006fee   0x00000042   Code   RO          490    i.pllEncodeP        fsl_clock.o
    0x00007030   0x00000072   Code   RO          491    i.pllFindSel        fsl_clock.o
    0x000070a2   0x00000002   PAD
    0x000070a4   0x0000005c   Data   RO          492    .constdata          fsl_clock.o
    0x00007100   0x00000039   Data   RO          988    .constdata          fsl_ctimer.o
    0x00007139   0x00000003   PAD
    0x0000713c   0x00000008   Data   RO         1490    .constdata          fsl_emc.o
    0x00007144   0x00000048   Data   RO         1844    .constdata          fsl_flexcomm.o
    0x0000718c   0x00000016   Data   RO         2017    .constdata          fsl_gint.o
    0x000071a2   0x00000002   PAD
    0x000071a4   0x0000000c   Data   RO         2815    .constdata          fsl_lcdc.o
    0x000071b0   0x0000000c   Data   RO         3615    .constdata          fsl_sctimer.o
    0x000071bc   0x0001f858   Data   RO         5739    .constdata          sprites_16bpp_565.o
    0x00026a14   0x00003d68   Data   RO         5755    .constdata          arial_unicode_ms__48px__regular__systemdefault_1bpp.o
    0x0002a77c   0x0000001c   Data   RO         5873    .constdata          audio.o
    0x0002a798   0x00000020   Data   RO         6050    Region$$Table       anon$$obj.o


    Execution Region RW_m_data (Base: 0x20000000, Size: 0x0000a0a8, Max: 0x00027800, ABSOLUTE)

    Base Addr    Size         Type   Attr      Idx    E Section Name        Object

    0x20000000   0x00000004   Data   RW           24    .data               system_lpc54608.o
    0x20000004   0x0000000c   Data   RW          493    .data               fsl_clock.o
    0x20000010   0x00000005   Data   RW          989    .data               fsl_ctimer.o
    0x20000015   0x00000003   PAD
    0x20000018   0x00000008   Data   RW         1237    .data               fsl_dmic.o
    0x20000020   0x00000010   Data   RW         1491    .data               fsl_emc.o
    0x20000030   0x00000008   Data   RW         1584    .data               fsl_enet.o
    0x20000038   0x00000008   Data   RW         2018    .data               fsl_gint.o
    0x20000040   0x0000000c   Data   RW         2970    .data               fsl_mcan.o
    0x2000004c   0x00000010   Data   RW         3616    .data               fsl_sctimer.o
    0x2000005c   0x00000008   Data   RW         3755    .data               fsl_sdif.o
    0x20000064   0x00000008   Data   RW         4526    .data               fsl_utick.o
    0x2000006c   0x00000090   Data   RW         4662    .data               main.o
    0x200000fc   0x00000001   Data   RW         5619    .data               egfx_driver_lpcxpresso_54608.o
    0x200000fd   0x00000003   PAD
    0x20000100   0x00000010   Zero   RW          129    .bss                fsl_debug_console.o
    0x20000110   0x00000014   Zero   RW          987    .bss                fsl_ctimer.o
    0x20000124   0x000000dc   PAD
    0x20000200   0x000003e0   Zero   RW         1112    .bss                fsl_dma.o
    0x200005e0   0x00000050   Zero   RW         1843    .bss                fsl_flexcomm.o
    0x20000630   0x00000020   Zero   RW         3280    .bss                fsl_pint.o
    0x20000650   0x00000028   Zero   RW         3614    .bss                fsl_sctimer.o
    0x20000678   0x0000983c   Zero   RW         4661    .bss                main.o
    0x20009eb4   0x000001c0   Zero   RW         5072    .bss                egfx.o
    0x2000a074   0x0000000c   Zero   RW         5618    .bss                egfx_driver_lpcxpresso_54608.o
    0x2000a080   0x00000028   Zero   RW         5872    .bss                audio.o


    Execution Region ARM_LIB_HEAP (Base: 0x2000a0a8, Size: 0x00000400, Max: 0x00000400, ABSOLUTE)

    Base Addr    Size         Type   Attr      Idx    E Section Name        Object

    0x2000a0a8   0x00000400   Zero   RW            2    ARM_LIB_HEAP.bss    anon$$obj.o


    Execution Region ARM_LIB_STACK (Base: 0x20027c00, Size: 0x00000400, Max: 0x00000400, ABSOLUTE)

    Base Addr    Size         Type   Attr      Idx    E Section Name        Object

    0x20027c00   0x00000400   Zero   RW            3    ARM_LIB_STACK.bss   anon$$obj.o


==============================================================================

Image component sizes


      Code (inc. data)   RO Data    RW Data    ZI Data      Debug   Object Name

         0          0      15720          0          0      33444   arial_unicode_ms__48px__regular__systemdefault_1bpp.o
       442         78         28          0         40      36073   audio.o
       264         66          0          0          0       3855   board.o
        84         24          0          0          0       2405   clock_config.o
      1716         28          0          0        448      16082   egfx.o
       480         52          0          1         12      16021   egfx_driver_lpcxpresso_54608.o
         0          0          0          0          0       3728   font_5_7_1bpp.o
         0          0          0          0          0      19304   fsl_adc.o
      3916        312         92         12          0      48298   fsl_clock.o
        68         44          0          0          0        657   fsl_common.o
         0          0          0          0          0      12904   fsl_crc.o
       178         14         57          5         20       7234   fsl_ctimer.o
       954         28          0          0         16     567973   fsl_debug_console.o
       172          4          0          0        992      33852   fsl_dma.o
        40          8          0          8          0       4181   fsl_dmic.o
      1070        182          8         16          0       7772   fsl_emc.o
        28         12          0          8          0      10518   fsl_enet.o
      1090        566         72          0         80       8640   fsl_flexcomm.o
         0          0          0          0          0       4920   fsl_ft5406.o
        80         16         22          8          0       2426   fsl_gint.o
      1048        106          0          0          0      17045   fsl_i2c.o
       462         38          0          0          0       5948   fsl_i2s.o
      1038        242         12          0          0      22230   fsl_lcdc.o
       352        208          0         12          0       9136   fsl_mcan.o
       380         32          0          0         32       9912   fsl_pint.o
       274         96          0          0          0       2396   fsl_reset.o
      1616        282         12         16         40      13009   fsl_sctimer.o
        88         52          0          8          0       8128   fsl_sdif.o
      1040        334          0          0          0      10709   fsl_usart.o
        28         12          0          8          0       1698   fsl_utick.o
      1008          0          0          0          0      10228   fsl_wm8904.o
      3512        552          0        144      38972      23163   main.o
      1644         22          0          0          0      16473   pin_mux.o
         0          0     129112          0          0        998   sprites_16bpp_565.o
       492        236        292          0          0       3648   startup_lpc54608.o
        40         12          0          4          0       5991   system_lpc54608.o

    ----------------------------------------------------------------------
     23640       3658     145464        256      42920    1000999   Object Totals
         0          0         32          0       2048          0   (incl. Generated)
        36          0          5          6        220          0   (incl. Padding)

    ----------------------------------------------------------------------

      Code (inc. data)   RO Data    RW Data    ZI Data      Debug   Library Member Name

       168         20          0          0          0        364   fsl_power_lib.o
         0          0          0          0          0          0   entry.o
         0          0          0          0          0          0   entry10a.o
         0          0          0          0          0          0   entry11a.o
         8          4          0          0          0          0   entry4.o
         4          0          0          0          0          0   entry5.o
         0          0          0          0          0          0   entry7b.o
         0          0          0          0          0          0   entry8b.o
         8          4          0          0          0          0   entry9a.o
        30          0          0          0          0          0   handlers.o
        36          8          0          0          0         68   init.o
         0          0          0          0          0          0   iusefp.o
        30          0          0          0          0         68   llshl.o
        36          0          0          0          0         68   llsshr.o
        32          0          0          0          0         68   llushr.o
        36          0          0          0          0         68   memcpya.o
      2292         84          0          0          0        516   printfa.o
        14          0          0          0          0         68   strlen.o
        44          0          0          0          0         80   uidiv.o
        98          0          0          0          0         92   uldiv.o
        48          0          0          0          0         68   cdrcmple.o
        56          0          0          0          0         88   d2f.o
       334          0          0          0          0        148   dadd.o
       222          0          0          0          0        100   ddiv.o
       186          0          0          0          0        176   depilogue.o
        62          0          0          0          0         80   dfixi.o
        48          0          0          0          0         68   dfixul.o
       228          0          0          0          0         96   dmul.o
        38          0          0          0          0         68   f2d.o
       110          0          0          0          0        168   fepilogue.o

    ----------------------------------------------------------------------
      4172        120          0          0          0       2520   Library Totals
         4          0          0          0          0          0   (incl. Padding)

    ----------------------------------------------------------------------

      Code (inc. data)   RO Data    RW Data    ZI Data      Debug   Library Name

       168         20          0          0          0        364   keil_lib_power.lib
      2668        100          0          0          0       1096   mc_w.l
      1332          0          0          0          0       1060   mf_w.l

    ----------------------------------------------------------------------
      4172        120          0          0          0       2520   Library Totals

    ----------------------------------------------------------------------

==============================================================================


      Code (inc. data)   RO Data    RW Data    ZI Data      Debug   

     27812       3778     145464        256      42920     983731   Grand Totals
     27812       3778     145464        256      42920     983731   ELF Image Totals
     27812       3778     145464        256          0          0   ROM Totals

==============================================================================

    Total RO  Size (Code + RO Data)               173276 ( 169.21kB)
    Total RW  Size (RW Data + ZI Data)             43176 (  42.16kB)
    Total ROM Size (Code + RO Data + RW Data)     173532 ( 169.46kB)

==============================================================================

